c:\mak\vrengage2.2c\nesslabvreplugins\nesslabtitsplugin\nesslabtitsplugin.dir\relwithdebinfo\vc143.pdb
c:\mak\vrengage2.2c\nesslabvreplugins\nesslabtitsplugin\nesslabtitsplugin.dir\relwithdebinfo\plugin.obj
c:\mak\vrengage2.2c\nesslabvreplugins\nesslabtitsplugin\nesslabtitsplugin.dir\relwithdebinfo\traineefom.obj
c:\mak\vrengage2.2c\nesslabvreplugins\nesslabtitsplugin\nesslabtitsplugin.dir\relwithdebinfo\titsplugin.obj
c:\mak\vrengage2.2c\nesslabvreplugins\nesslabtitsplugin\nesslabtitsplugin.dir\relwithdebinfo\exttrainingctrlencoder.obj
c:\mak\vrengage2.2c\nesslabvreplugins\nesslabtitsplugin\nesslabtitsplugin.dir\relwithdebinfo\exttrainingctrldecoder.obj
c:\mak\vrengage2.2c\nesslabvreplugins\nesslabtitsplugin\nesslabtitsplugin.dir\relwithdebinfo\exttrainingctrl.obj
c:\mak\vrengage2.2c\nesslabvreplugins\nesslabtitsplugin\nesslabtitsplugin.dir\relwithdebinfo\exttraineesensorencoder.obj
c:\mak\vrengage2.2c\nesslabvreplugins\nesslabtitsplugin\nesslabtitsplugin.dir\relwithdebinfo\exttraineesensordecoder.obj
c:\mak\vrengage2.2c\nesslabvreplugins\nesslabtitsplugin\nesslabtitsplugin.dir\relwithdebinfo\exttraineesensor.obj
c:\mak\vrengage2.2c\nesslabvreplugins\plugins64\vrengage\release\nesslabtitsplugin.dll
c:\mak\vrengage2.2c\nesslabvreplugins\bin64\relwithdebinfo\nesslabtitsplugin.pdb
c:\mak\vrengage2.2c\nesslabvreplugins\plugins64\vrengage\release\nesslabtitsplugin.lib
c:\mak\vrengage2.2c\nesslabvreplugins\plugins64\vrengage\release\nesslabtitsplugin.exp
c:\mak\vrengage2.2c\nesslabvreplugins\nesslabtitsplugin\nesslabtitsplugin.dir\relwithdebinfo\nesslabt.133f2fb2.tlog\cl.command.1.tlog
c:\mak\vrengage2.2c\nesslabvreplugins\nesslabtitsplugin\nesslabtitsplugin.dir\relwithdebinfo\nesslabt.133f2fb2.tlog\cl.items.tlog
c:\mak\vrengage2.2c\nesslabvreplugins\nesslabtitsplugin\nesslabtitsplugin.dir\relwithdebinfo\nesslabt.133f2fb2.tlog\cl.read.1.tlog
c:\mak\vrengage2.2c\nesslabvreplugins\nesslabtitsplugin\nesslabtitsplugin.dir\relwithdebinfo\nesslabt.133f2fb2.tlog\cl.write.1.tlog
c:\mak\vrengage2.2c\nesslabvreplugins\nesslabtitsplugin\nesslabtitsplugin.dir\relwithdebinfo\nesslabt.133f2fb2.tlog\link.command.1.tlog
c:\mak\vrengage2.2c\nesslabvreplugins\nesslabtitsplugin\nesslabtitsplugin.dir\relwithdebinfo\nesslabt.133f2fb2.tlog\link.read.1.tlog
c:\mak\vrengage2.2c\nesslabvreplugins\nesslabtitsplugin\nesslabtitsplugin.dir\relwithdebinfo\nesslabt.133f2fb2.tlog\link.secondary.1.tlog
c:\mak\vrengage2.2c\nesslabvreplugins\nesslabtitsplugin\nesslabtitsplugin.dir\relwithdebinfo\nesslabt.133f2fb2.tlog\link.write.1.tlog
