  extTraineeSensor.cpp
C:\Program Files\Microsoft Visual Studio\2022\Community\VC\Tools\MSVC\14.43.34808\include\compare(12): warning STL4038: The contents of <compare> are available only with C++20 or later.
  extTraineeSensorDecoder.cpp
C:\Program Files\Microsoft Visual Studio\2022\Community\VC\Tools\MSVC\14.43.34808\include\compare(12): warning STL4038: The contents of <compare> are available only with C++20 or later.
  extTraineeSensorEncoder.cpp
C:\Program Files\Microsoft Visual Studio\2022\Community\VC\Tools\MSVC\14.43.34808\include\compare(12): warning STL4038: The contents of <compare> are available only with C++20 or later.
  extTrainingCtrl.cpp
C:\Program Files\Microsoft Visual Studio\2022\Community\VC\Tools\MSVC\14.43.34808\include\compare(12): warning STL4038: The contents of <compare> are available only with C++20 or later.
  extTrainingCtrlDecoder.cpp
C:\Program Files\Microsoft Visual Studio\2022\Community\VC\Tools\MSVC\14.43.34808\include\compare(12): warning STL4038: The contents of <compare> are available only with C++20 or later.
  extTrainingCtrlEncoder.cpp
C:\Program Files\Microsoft Visual Studio\2022\Community\VC\Tools\MSVC\14.43.34808\include\compare(12): warning STL4038: The contents of <compare> are available only with C++20 or later.
  titsPlugin.cpp
C:\Program Files\Microsoft Visual Studio\2022\Community\VC\Tools\MSVC\14.43.34808\include\compare(12): warning STL4038: The contents of <compare> are available only with C++20 or later.
  traineeFom.cxx
C:\MAK\vrengage2.2c\NesslabVrePlugins\nesslabTITSPlugin\traineeFom.cxx(1,1): warning C4819: 현재 코드 페이지(949)에서 표시할 수 없는 문자가 파일에 들어 있습니다. 데이터가 손실되지 않게 하려면 해당 파일을 유니코드 형식으로 저장하십시오.
C:\Program Files\Microsoft Visual Studio\2022\Community\VC\Tools\MSVC\14.43.34808\include\compare(12): warning STL4038: The contents of <compare> are available only with C++20 or later.
  plugin.cxx
C:\Program Files\Microsoft Visual Studio\2022\Community\VC\Tools\MSVC\14.43.34808\include\compare(12): warning STL4038: The contents of <compare> are available only with C++20 or later.
C:\MAK\vrengage2.2c\NesslabVrePlugins\nesslabTITSPlugin\plugin.cxx(22,7): warning C4273: 'initPlayerStationModule': dll 연결이 일치하지 않습니다.
      C:\MAK\vrengage2.2c\NesslabVrePlugins\nesslabTITSPlugin\plugin.h(14,16):
      'initPlayerStationModule'의 이전 정의를 참조하십시오.
  
  코드를 생성하고 있습니다...
LINK : warning LNK4044: '/-----------------------------------------------' 옵션을 인식할 수 없습니다. 무시됩니다.
LINK : warning LNK4044: '/----new' 옵션을 인식할 수 없습니다. 무시됩니다.
  NesslabCommon.lib(nesslabTcpClient.obj) : /GL로 컴파일한 MSIL .netmodule 또는 모듈이 있습니다. /LTCG를 지정하여 링크를 다시 시작하십시오. /LTCG를 링크 명령줄에 추가하면 링커 성능이 향상됩니다.
LINK : warning LNK4044: '/-----------------------------------------------' 옵션을 인식할 수 없습니다. 무시됩니다.
LINK : warning LNK4044: '/----new' 옵션을 인식할 수 없습니다. 무시됩니다.
LINK : warning LNK4075: '/INCREMENTAL'이(가) '/LTCG' 사양으로 인해 무시됩니다.
     ..\plugins64\vrEngage\release\nesslabTITSPlugin.lib 라이브러리 및 ..\plugins64\vrEngage\release\nesslabTITSPlugin.exp 개체를 생성하고 있습니다.
  코드를 생성하고 있습니다.
  코드를 생성했습니다.
NesslabCommon.lib(nesslabTcpClient.obj) : warning LNK4099: '' PDB를 'NesslabCommon.lib(nesslabTcpClient.obj)' 또는 ''에서 찾을 수 없습니다. 디버그 정보가 없는 것처럼 개체를 링크합니다.
NesslabCommon.lib(nesslabCommon.obj) : warning LNK4099: '' PDB를 'NesslabCommon.lib(nesslabCommon.obj)' 또는 ''에서 찾을 수 없습니다. 디버그 정보가 없는 것처럼 개체를 링크합니다.
  nesslabTITSPlugin.vcxproj -> C:\MAK\vrengage2.2c\NesslabVrePlugins\plugins64\vrEngage\release\nesslabTITSPlugin.dll
  C:\MAK\vrengage2.2c\NesslabVrePlugins\plugins64\vrEngage\release\nesslabTITSPlugin.dll
  1개 파일이 복사되었습니다.
