c:\mak\src\vre\nesslabvreplugins\nesslabhapticplugin\examplehumandamageactuatorhla1516e.dir\relwithdebinfo\vc143.pdb
c:\mak\src\vre\nesslabvreplugins\nesslabhapticplugin\examplehumandamageactuatorhla1516e.dir\relwithdebinfo\plugin.obj
c:\mak\src\vre\nesslabvreplugins\nesslabhapticplugin\examplehumandamageactuatorhla1516e.dir\relwithdebinfo\hapticplugin.obj
c:\mak\src\vre\nesslabvreplugins\nesslabhapticplugin\examplehumandamageactuatorhla1516e.dir\relwithdebinfo\vc142.pdb
c:\mak\src\vre\nesslabvreplugins\nesslabhapticplugin\examplehumandamageactuatorhla1516e.dir\relwithdebinfo\nesslabh.5b140dd5.tlog\cl.command.1.tlog
c:\mak\src\vre\nesslabvreplugins\nesslabhapticplugin\examplehumandamageactuatorhla1516e.dir\relwithdebinfo\nesslabh.5b140dd5.tlog\cl.read.1.tlog
c:\mak\src\vre\nesslabvreplugins\nesslabhapticplugin\examplehumandamageactuatorhla1516e.dir\relwithdebinfo\nesslabh.5b140dd5.tlog\cl.write.1.tlog
c:\mak\src\vre\nesslabvreplugins\nesslabhapticplugin\examplehumandamageactuatorhla1516e.dir\relwithdebinfo\nesslabh.5b140dd5.tlog\link.15348.delete.1.tlog
c:\mak\src\vre\nesslabvreplugins\nesslabhapticplugin\examplehumandamageactuatorhla1516e.dir\relwithdebinfo\nesslabh.5b140dd5.tlog\link.15348.read.1.tlog
c:\mak\src\vre\nesslabvreplugins\nesslabhapticplugin\examplehumandamageactuatorhla1516e.dir\relwithdebinfo\nesslabh.5b140dd5.tlog\link.15348.write.1.tlog
c:\mak\src\vre\nesslabvreplugins\nesslabhapticplugin\examplehumandamageactuatorhla1516e.dir\relwithdebinfo\nesslabh.5b140dd5.tlog\link.5764.read.1.tlog
c:\mak\src\vre\nesslabvreplugins\nesslabhapticplugin\examplehumandamageactuatorhla1516e.dir\relwithdebinfo\nesslabh.5b140dd5.tlog\link.5764.write.1.tlog
c:\mak\src\vre\nesslabvreplugins\nesslabhapticplugin\examplehumandamageactuatorhla1516e.dir\relwithdebinfo\nesslabh.5b140dd5.tlog\link.9964.read.1.tlog
c:\mak\src\vre\nesslabvreplugins\nesslabhapticplugin\examplehumandamageactuatorhla1516e.dir\relwithdebinfo\nesslabh.5b140dd5.tlog\link.9964.write.1.tlog
c:\mak\src\vre\nesslabvreplugins\nesslabhapticplugin\examplehumandamageactuatorhla1516e.dir\relwithdebinfo\nesslabh.5b140dd5.tlog\link.command.1.tlog
c:\mak\src\vre\nesslabvreplugins\nesslabhapticplugin\examplehumandamageactuatorhla1516e.dir\relwithdebinfo\nesslabh.5b140dd5.tlog\link.read.1.tlog
c:\mak\src\vre\nesslabvreplugins\nesslabhapticplugin\examplehumandamageactuatorhla1516e.dir\relwithdebinfo\nesslabh.5b140dd5.tlog\link.read.2.tlog
c:\mak\src\vre\nesslabvreplugins\nesslabhapticplugin\examplehumandamageactuatorhla1516e.dir\relwithdebinfo\nesslabh.5b140dd5.tlog\link.read.3.tlog
c:\mak\src\vre\nesslabvreplugins\nesslabhapticplugin\examplehumandamageactuatorhla1516e.dir\relwithdebinfo\nesslabh.5b140dd5.tlog\link.read.4.tlog
c:\mak\src\vre\nesslabvreplugins\nesslabhapticplugin\examplehumandamageactuatorhla1516e.dir\relwithdebinfo\nesslabh.5b140dd5.tlog\link.read.5.tlog
c:\mak\src\vre\nesslabvreplugins\nesslabhapticplugin\examplehumandamageactuatorhla1516e.dir\relwithdebinfo\nesslabh.5b140dd5.tlog\link.read.6.tlog
c:\mak\src\vre\nesslabvreplugins\nesslabhapticplugin\examplehumandamageactuatorhla1516e.dir\relwithdebinfo\nesslabh.5b140dd5.tlog\link.write.1.tlog
