C:\Program Files\Microsoft Visual Studio\2022\Community\MSBuild\Microsoft\VC\v170\Microsoft.CppBuild.targets(534,5): warning MSB8028: 중간 디렉터리(nesslabHandposePluginHLA1516e.dir/RelWithDebInfo/)에 다른 프로젝트(exampleHumanArtPartActuator.vcxproj, nesslabHandposePlugin.vcxproj)에서 공유하는 파일이 포함되어 있습니다.  이로 인해 잘못된 정리 및 다시 빌드 동작이 수행될 수 있습니다.
  HandposePlugin.cxx
C:\Program Files\Microsoft Visual Studio\2022\Community\VC\Tools\MSVC\14.43.34808\include\compare(12): warning STL4038: The contents of <compare> are available only with C++20 or later.
C:\MAK\vrengage2.2\include\Nesslab\nesslabCommon.h(1,1): warning C4819: 현재 코드 페이지(949)에서 표시할 수 없는 문자가 파일에 들어 있습니다. 데이터가 손실되지 않게 하려면 해당 파일을 유니코드 형식으로 저장하십시오.
  (소스 파일 'HandposePlugin.cxx'을(를) 컴파일하는 중)
  
C:\MAK\vrforces5.2d\include\vrftasks\simTaskState.h(1,1): warning C4819: 현재 코드 페이지(949)에서 표시할 수 없는 문자가 파일에 들어 있습니다. 데이터가 손실되지 않게 하려면 해당 파일을 유니코드 형식으로 저장하십시오.
  (소스 파일 'HandposePlugin.cxx'을(를) 컴파일하는 중)
  
C:\MAK\vrforces5.2d\include\vrftasks\simTask.h(1,1): warning C4819: 현재 코드 페이지(949)에서 표시할 수 없는 문자가 파일에 들어 있습니다. 데이터가 손실되지 않게 하려면 해당 파일을 유니코드 형식으로 저장하십시오.
  (소스 파일 'HandposePlugin.cxx'을(를) 컴파일하는 중)
  
C:\MAK\vrengage2.2\NesslabVrePlugins\nesslabHandposePlugin\HandposePlugin.cxx(625,9): warning C4067: 전처리기 지시문 다음에 예기치 않은 토큰이 있습니다. 줄 바꿈 문자가 필요합니다.
  plugin.cxx
C:\Program Files\Microsoft Visual Studio\2022\Community\VC\Tools\MSVC\14.43.34808\include\compare(12): warning STL4038: The contents of <compare> are available only with C++20 or later.
C:\MAK\vrengage2.2\include\Nesslab\nesslabCommon.h(1,1): warning C4819: 현재 코드 페이지(949)에서 표시할 수 없는 문자가 파일에 들어 있습니다. 데이터가 손실되지 않게 하려면 해당 파일을 유니코드 형식으로 저장하십시오.
  (소스 파일 'plugin.cxx'을(를) 컴파일하는 중)
  
  TCPServer.cpp
C:\MAK\vrengage2.2\NesslabVrePlugins\nesslabHandposePlugin\TCPServer.cpp(229,17): warning C4806: '==': 안전하지 않은 연산입니다. 'bool' 형식의 값('int' 형식으로 확장)이 주어진 상수와 같을 수 없습니다.
  코드를 생성하고 있습니다...
C:\MAK\vrengage2.2\NesslabVrePlugins\nesslabHandposePlugin\TCPServer.cpp(206,1): warning C4715: 'TCPServer::SendData': 모든 제어 경로에서 값을 반환하지는 않습니다.
C:\MAK\vrengage2.2\NesslabVrePlugins\nesslabHandposePlugin\TCPServer.cpp(214,1): warning C4715: 'TCPServer::SendData': 모든 제어 경로에서 값을 반환하지는 않습니다.
LINK : warning LNK4044: '/-libdiguy_x64_vc15_1371d.lib' 옵션을 인식할 수 없습니다. 무시됩니다.
  NesslabCommon.lib(nesslabCommon.obj) : /GL로 컴파일한 MSIL .netmodule 또는 모듈이 있습니다. /LTCG를 지정하여 링크를 다시 시작하십시오. /LTCG를 링크 명령줄에 추가하면 링커 성능이 향상됩니다.
LINK : warning LNK4044: '/-libdiguy_x64_vc15_1371d.lib' 옵션을 인식할 수 없습니다. 무시됩니다.
LINK : warning LNK4075: '/INCREMENTAL'이(가) '/LTCG' 사양으로 인해 무시됩니다.
     ../../examples/nesslabHandposePlugin/build64/RelWithDebInfo/nesslabHandposePlugin.lib 라이브러리 및 ../../examples/nesslabHandposePlugin/build64/RelWithDebInfo/nesslabHandposePlugin.exp 개체를 생성하고 있습니다.
  코드를 생성하고 있습니다.
  코드를 생성했습니다.
NesslabCommon.lib(nesslabCommon.obj) : warning LNK4099: '' PDB를 'NesslabCommon.lib(nesslabCommon.obj)' 또는 ''에서 찾을 수 없습니다. 디버그 정보가 없는 것처럼 개체를 링크합니다.
NesslabCommon.lib(nesslabTcpServer.obj) : warning LNK4099: '' PDB를 'NesslabCommon.lib(nesslabTcpServer.obj)' 또는 ''에서 찾을 수 없습니다. 디버그 정보가 없는 것처럼 개체를 링크합니다.
  nesslabHandposePluginHLA1516e.vcxproj -> C:\MAK\vrengage2.2\plugins64\vrForces\release\release\nesslabHandposePluginHLA1516e.dll
  1개 파일이 복사되었습니다.
