c:\mak\vrengage2.2c\nesslabvreplugins\nesslabfrontendplugins\nesslabfrontendplugins.dir\relwithdebinfo\vc143.pdb
c:\mak\vrengage2.2c\nesslabvreplugins\nesslabfrontendplugins\nesslabfrontendplugins.dir\relwithdebinfo\plugin.obj
c:\mak\vrengage2.2c\nesslabvreplugins\nesslabfrontendplugins\nesslabfrontendplugins.dir\relwithdebinfo\weaponplugin.obj
c:\mak\vrengage2.2c\nesslabvreplugins\nesslabfrontendplugins\nesslabfrontendplugins.dir\relwithdebinfo\rfidplugin.obj
c:\mak\vrengage2.2c\nesslabvreplugins\nesslabfrontendplugins\nesslabfrontendplugins.dir\relwithdebinfo\weaponposeplugin.obj
c:\mak\vrengage2.2c\nesslabvreplugins\nesslabfrontendplugins\nesslabfrontendplugins.dir\relwithdebinfo\screenwindowplugin.obj
c:\mak\vrengage2.2c\nesslabvreplugins\nesslabfrontendplugins\nesslabfrontendplugins.dir\relwithdebinfo\customhumancontrollogic.obj
c:\mak\vrengage2.2c\nesslabvreplugins\nesslabfrontendplugins\nesslabfrontendplugins.dir\relwithdebinfo\actionplugin.obj
c:\mak\vrengage2.2c\nesslabvreplugins\nesslabfrontendplugins\nesslabfrontendplugins.dir\relwithdebinfo\nesslabf.dc6f675b.tlog\cl.command.1.tlog
c:\mak\vrengage2.2c\nesslabvreplugins\nesslabfrontendplugins\nesslabfrontendplugins.dir\relwithdebinfo\nesslabf.dc6f675b.tlog\cl.read.1.tlog
c:\mak\vrengage2.2c\nesslabvreplugins\nesslabfrontendplugins\nesslabfrontendplugins.dir\relwithdebinfo\nesslabf.dc6f675b.tlog\cl.write.1.tlog
c:\mak\vrengage2.2c\nesslabvreplugins\nesslabfrontendplugins\nesslabfrontendplugins.dir\relwithdebinfo\nesslabf.dc6f675b.tlog\link.31476.read.1.tlog
c:\mak\vrengage2.2c\nesslabvreplugins\nesslabfrontendplugins\nesslabfrontendplugins.dir\relwithdebinfo\nesslabf.dc6f675b.tlog\link.31476.write.1.tlog
c:\mak\vrengage2.2c\nesslabvreplugins\nesslabfrontendplugins\nesslabfrontendplugins.dir\relwithdebinfo\nesslabf.dc6f675b.tlog\link.command.1.tlog
c:\mak\vrengage2.2c\nesslabvreplugins\nesslabfrontendplugins\nesslabfrontendplugins.dir\relwithdebinfo\nesslabf.dc6f675b.tlog\link.read.1.tlog
c:\mak\vrengage2.2c\nesslabvreplugins\nesslabfrontendplugins\nesslabfrontendplugins.dir\relwithdebinfo\nesslabf.dc6f675b.tlog\link.read.2.tlog
c:\mak\vrengage2.2c\nesslabvreplugins\nesslabfrontendplugins\nesslabfrontendplugins.dir\relwithdebinfo\nesslabf.dc6f675b.tlog\link.read.3.tlog
c:\mak\vrengage2.2c\nesslabvreplugins\nesslabfrontendplugins\nesslabfrontendplugins.dir\relwithdebinfo\nesslabf.dc6f675b.tlog\link.read.4.tlog
c:\mak\vrengage2.2c\nesslabvreplugins\nesslabfrontendplugins\nesslabfrontendplugins.dir\relwithdebinfo\nesslabf.dc6f675b.tlog\link.read.5.tlog
c:\mak\vrengage2.2c\nesslabvreplugins\nesslabfrontendplugins\nesslabfrontendplugins.dir\relwithdebinfo\nesslabf.dc6f675b.tlog\link.read.6.tlog
c:\mak\vrengage2.2c\nesslabvreplugins\nesslabfrontendplugins\nesslabfrontendplugins.dir\relwithdebinfo\nesslabf.dc6f675b.tlog\link.write.1.tlog
