  ActionPlugin.cpp
C:\Program Files\Microsoft Visual Studio\2022\Community\VC\Tools\MSVC\14.43.34808\include\compare(12): warning STL4038: The contents of <compare> are available only with C++20 or later.
  CustomHumanControlLogic.cpp
C:\Program Files\Microsoft Visual Studio\2022\Community\VC\Tools\MSVC\14.43.34808\include\compare(12): warning STL4038: The contents of <compare> are available only with C++20 or later.
  ScreenWindowPlugin.cpp
C:\Program Files\Microsoft Visual Studio\2022\Community\VC\Tools\MSVC\14.43.34808\include\compare(12): warning STL4038: The contents of <compare> are available only with C++20 or later.
C:\MAK\vrforces5.2k\include\vrvCore\DtOverlayManeuverByFireModel.h(1,1): warning C4819: 현재 코드 페이지(949)에서 표시할 수 없는 문자가 파일에 들어 있습니다. 데이터가 손실되지 않게 하려면 해당 파일을 유니코드 형식으로 저장하십시오.
  (소스 파일 'ScreenWindowPlugin.cpp'을(를) 컴파일하는 중)
  
C:\MAK\vrforces5.2k\include\vrvCore\DtOverlaySecurityModel.h(1,1): warning C4819: 현재 코드 페이지(949)에서 표시할 수 없는 문자가 파일에 들어 있습니다. 데이터가 손실되지 않게 하려면 해당 파일을 유니코드 형식으로 저장하십시오.
  (소스 파일 'ScreenWindowPlugin.cpp'을(를) 컴파일하는 중)
  
  WeaponPosePlugin.cpp
C:\Program Files\Microsoft Visual Studio\2022\Community\VC\Tools\MSVC\14.43.34808\include\compare(12): warning STL4038: The contents of <compare> are available only with C++20 or later.
C:\MAK\vrforces5.2k\include\vrvCore\DtOverlayManeuverByFireModel.h(1,1): warning C4819: 현재 코드 페이지(949)에서 표시할 수 없는 문자가 파일에 들어 있습니다. 데이터가 손실되지 않게 하려면 해당 파일을 유니코드 형식으로 저장하십시오.
  (소스 파일 'WeaponPosePlugin.cpp'을(를) 컴파일하는 중)
  
C:\MAK\vrforces5.2k\include\vrvCore\DtOverlaySecurityModel.h(1,1): warning C4819: 현재 코드 페이지(949)에서 표시할 수 없는 문자가 파일에 들어 있습니다. 데이터가 손실되지 않게 하려면 해당 파일을 유니코드 형식으로 저장하십시오.
  (소스 파일 'WeaponPosePlugin.cpp'을(를) 컴파일하는 중)
  
C:\MAK\vrengage2.2c\NesslabVrePlugins\nesslabFrontEndPlugins\WeaponPosePlugin.cpp(355,27): warning C4305: '=': 'double'에서 'float'(으)로 잘립니다.
  RFIDPlugin.cpp
  WeaponPlugin.cpp
C:\Program Files\Microsoft Visual Studio\2022\Community\VC\Tools\MSVC\14.43.34808\include\compare(12): warning STL4038: The contents of <compare> are available only with C++20 or later.
  plugin.cxx
C:\Program Files\Microsoft Visual Studio\2022\Community\VC\Tools\MSVC\14.43.34808\include\compare(12): warning STL4038: The contents of <compare> are available only with C++20 or later.
C:\MAK\vrforces5.2k\include\vrvCore\DtOverlayManeuverByFireModel.h(1,1): warning C4819: 현재 코드 페이지(949)에서 표시할 수 없는 문자가 파일에 들어 있습니다. 데이터가 손실되지 않게 하려면 해당 파일을 유니코드 형식으로 저장하십시오.
  (소스 파일 'plugin.cxx'을(를) 컴파일하는 중)
  
C:\MAK\vrforces5.2k\include\vrvCore\DtOverlaySecurityModel.h(1,1): warning C4819: 현재 코드 페이지(949)에서 표시할 수 없는 문자가 파일에 들어 있습니다. 데이터가 손실되지 않게 하려면 해당 파일을 유니코드 형식으로 저장하십시오.
  (소스 파일 'plugin.cxx'을(를) 컴파일하는 중)
  
  코드를 생성하고 있습니다...
  NesslabCommon.lib(nesslabCommon.obj) : /GL로 컴파일한 MSIL .netmodule 또는 모듈이 있습니다. /LTCG를 지정하여 링크를 다시 시작하십시오. /LTCG를 링크 명령줄에 추가하면 링커 성능이 향상됩니다.
LINK : warning LNK4075: '/INCREMENTAL'이(가) '/LTCG' 사양으로 인해 무시됩니다.
     ..\plugins64\vrEngage\release\nesslabFrontEndPlugins.lib 라이브러리 및 ..\plugins64\vrEngage\release\nesslabFrontEndPlugins.exp 개체를 생성하고 있습니다.
  코드를 생성하고 있습니다.
  코드를 생성했습니다.
NesslabCommon.lib(nesslabCommon.obj) : warning LNK4099: '' PDB를 'NesslabCommon.lib(nesslabCommon.obj)' 또는 ''에서 찾을 수 없습니다. 디버그 정보가 없는 것처럼 개체를 링크합니다.
NesslabCommon.lib(nesslabTcpServer.obj) : warning LNK4099: '' PDB를 'NesslabCommon.lib(nesslabTcpServer.obj)' 또는 ''에서 찾을 수 없습니다. 디버그 정보가 없는 것처럼 개체를 링크합니다.
NesslabCommon.lib(nesslabUdpServer.obj) : warning LNK4099: '' PDB를 'NesslabCommon.lib(nesslabUdpServer.obj)' 또는 ''에서 찾을 수 없습니다. 디버그 정보가 없는 것처럼 개체를 링크합니다.
NesslabCommon.lib(nesslabUdpClient.obj) : warning LNK4099: '' PDB를 'NesslabCommon.lib(nesslabUdpClient.obj)' 또는 ''에서 찾을 수 없습니다. 디버그 정보가 없는 것처럼 개체를 링크합니다.
NesslabCommon.lib(StopAllPluginsMessage.obj) : warning LNK4099: '' PDB를 'NesslabCommon.lib(StopAllPluginsMessage.obj)' 또는 ''에서 찾을 수 없습니다. 디버그 정보가 없는 것처럼 개체를 링크합니다.
NesslabCommon.lib(nesslabTcpClient.obj) : warning LNK4099: '' PDB를 'NesslabCommon.lib(nesslabTcpClient.obj)' 또는 ''에서 찾을 수 없습니다. 디버그 정보가 없는 것처럼 개체를 링크합니다.
  nesslabFrontEndPlugins.vcxproj -> C:\MAK\vrengage2.2c\NesslabVrePlugins\plugins64\vrEngage\release\nesslabFrontEndPlugins.dll
  C:\MAK\vrengage2.2c\NesslabVrePlugins\plugins64\vrEngage\release\nesslabFrontEndPlugins.dll
  1개 파일이 복사되었습니다.
