  extLogInInfo.cpp
C:\Program Files\Microsoft Visual Studio\2022\Community\VC\Tools\MSVC\14.43.34808\include\compare(12): warning STL4038: The contents of <compare> are available only with C++20 or later.
  extLogInInfoDecoder.cpp
C:\Program Files\Microsoft Visual Studio\2022\Community\VC\Tools\MSVC\14.43.34808\include\compare(12): warning STL4038: The contents of <compare> are available only with C++20 or later.
  extLogInInfoEncoder.cpp
C:\Program Files\Microsoft Visual Studio\2022\Community\VC\Tools\MSVC\14.43.34808\include\compare(12): warning STL4038: The contents of <compare> are available only with C++20 or later.
  rfidPlugin.cxx
C:\Program Files\Microsoft Visual Studio\2022\Community\VC\Tools\MSVC\14.43.34808\include\compare(12): warning STL4038: The contents of <compare> are available only with C++20 or later.
C:\MAK\vrengage2.2c\NesslabVrePlugins\nesslabRFIDPlugin\MyAccessory.inl(92,34): error C2082: 'baseConn' 정식 매개 변수 재정의
  (소스 파일 'rfidPlugin.cxx'을(를) 컴파일하는 중)
  
C:\MAK\vrengage2.2c\NesslabVrePlugins\nesslabRFIDPlugin\MyAccessory.inl(95,16): error C2039: 'untraineeFom': 'RFID'의 멤버가 아닙니다.
  (소스 파일 'rfidPlugin.cxx'을(를) 컴파일하는 중)
      C:\MAK\vrengage2.2c\NesslabVrePlugins\nesslabRFIDPlugin\loginFom.h(20,11):
      'RFID' 선언을 참조하십시오.
  
C:\MAK\vrengage2.2c\NesslabVrePlugins\nesslabRFIDPlugin\MyAccessory.inl(95,16): error C3861: 'untraineeFom': 식별자를 찾을 수 없습니다.
  (소스 파일 'rfidPlugin.cxx'을(를) 컴파일하는 중)
  
  loginFom.cxx
C:\MAK\vrengage2.2c\NesslabVrePlugins\nesslabRFIDPlugin\loginFom.cxx(1,1): warning C4819: 현재 코드 페이지(949)에서 표시할 수 없는 문자가 파일에 들어 있습니다. 데이터가 손실되지 않게 하려면 해당 파일을 유니코드 형식으로 저장하십시오.
C:\Program Files\Microsoft Visual Studio\2022\Community\VC\Tools\MSVC\14.43.34808\include\compare(12): warning STL4038: The contents of <compare> are available only with C++20 or later.
  plugin.cxx
C:\Program Files\Microsoft Visual Studio\2022\Community\VC\Tools\MSVC\14.43.34808\include\compare(12): warning STL4038: The contents of <compare> are available only with C++20 or later.
  TCPClass.cpp
  코드를 생성하고 있습니다...
