  plugin.cxx
C:\Program Files\Microsoft Visual Studio\2022\Community\VC\Tools\MSVC\14.42.34433\include\compare(12): warning STL4038: The contents of <compare> are available only with C++20 or later.
C:\MAK\vrforces5.2k\include\vrftasks\simTaskState.h(1,1): warning C4819: 현재 코드 페이지(949)에서 표시할 수 없는 문자가 파일에 들어 있습니다. 데이터가 손실되지 않게 하려면 해당 파일을 유니코드 형식으로 저장하십시오.
  (소스 파일 'plugin.cxx'을(를) 컴파일하는 중)
  
C:\MAK\vrforces5.2k\include\vrftasks\simTask.h(1,1): warning C4819: 현재 코드 페이지(949)에서 표시할 수 없는 문자가 파일에 들어 있습니다. 데이터가 손실되지 않게 하려면 해당 파일을 유니코드 형식으로 저장하십시오.
  (소스 파일 'plugin.cxx'을(를) 컴파일하는 중)
  
  SimCommmands.cpp
C:\Program Files\Microsoft Visual Studio\2022\Community\VC\Tools\MSVC\14.42.34433\include\compare(12): warning STL4038: The contents of <compare> are available only with C++20 or later.
  TerrainSoil.cpp
C:\Program Files\Microsoft Visual Studio\2022\Community\VC\Tools\MSVC\14.42.34433\include\compare(12): warning STL4038: The contents of <compare> are available only with C++20 or later.
C:\MAK\vrforces5.2k\include\vrftasks\simTaskState.h(1,1): warning C4819: 현재 코드 페이지(949)에서 표시할 수 없는 문자가 파일에 들어 있습니다. 데이터가 손실되지 않게 하려면 해당 파일을 유니코드 형식으로 저장하십시오.
  (소스 파일 'TerrainSoil.cpp'을(를) 컴파일하는 중)
  
C:\MAK\vrforces5.2k\include\vrftasks\simTask.h(1,1): warning C4819: 현재 코드 페이지(949)에서 표시할 수 없는 문자가 파일에 들어 있습니다. 데이터가 손실되지 않게 하려면 해당 파일을 유니코드 형식으로 저장하십시오.
  (소스 파일 'TerrainSoil.cpp'을(를) 컴파일하는 중)
  
C:\MAK\vrforces5.2k\include\vrfutil\profiler.h(52,9): warning C4005: 'TRACY_ENABLE': 매크로 재정의
  (소스 파일 'TerrainSoil.cpp'을(를) 컴파일하는 중)
      C:\MAK\vrforces5.2k\include\vrfutil\profiler.h(52,9):
      이전에 명령줄에서 선언된 'TRACY_ENABLE'
  
C:\MAK\src\vre\NesslabVrePlugins\nesslabTerrainSurfacePlugins\nesslabTerrainSurfacePluginsSim\TerrainSoil.cpp(391,40): warning C4927: 변환이 잘못되었습니다. 사용자 정의 변환이 암시적으로 두 번 이상 적용되었습니다.
      C:\MAK\src\vre\NesslabVrePlugins\nesslabTerrainSurfacePlugins\nesslabTerrainSurfacePluginsSim\TerrainSoil.cpp(391,40):
      'std::basic_string<char,std::char_traits<char>,std::allocator<char>>::basic_string(const _Elem *const )' 생성자를 호출하는 동안
          with
          [
              _Elem=char
          ]
      C:\Program Files\Microsoft Visual Studio\2022\Community\VC\Tools\MSVC\14.42.34433\include\xstring(749,5):
      'std::basic_string<char,std::char_traits<char>,std::allocator<char>>::basic_string' 선언을 참조하십시오.
  
C:\MAK\src\vre\NesslabVrePlugins\nesslabTerrainSurfacePlugins\nesslabTerrainSurfacePluginsSim\TerrainSoil.cpp(395,44): warning C4927: 변환이 잘못되었습니다. 사용자 정의 변환이 암시적으로 두 번 이상 적용되었습니다.
      C:\MAK\src\vre\NesslabVrePlugins\nesslabTerrainSurfacePlugins\nesslabTerrainSurfacePluginsSim\TerrainSoil.cpp(395,44):
      'std::basic_string<char,std::char_traits<char>,std::allocator<char>>::basic_string(const _Elem *const )' 생성자를 호출하는 동안
          with
          [
              _Elem=char
          ]
      C:\Program Files\Microsoft Visual Studio\2022\Community\VC\Tools\MSVC\14.42.34433\include\xstring(749,5):
      'std::basic_string<char,std::char_traits<char>,std::allocator<char>>::basic_string' 선언을 참조하십시오.
  
C:\MAK\src\vre\NesslabVrePlugins\nesslabTerrainSurfacePlugins\nesslabTerrainSurfacePluginsSim\TerrainSoil.cpp(399,33): warning C4927: 변환이 잘못되었습니다. 사용자 정의 변환이 암시적으로 두 번 이상 적용되었습니다.
      C:\MAK\src\vre\NesslabVrePlugins\nesslabTerrainSurfacePlugins\nesslabTerrainSurfacePluginsSim\TerrainSoil.cpp(399,33):
      'std::basic_string<char,std::char_traits<char>,std::allocator<char>>::basic_string(const _Elem *const )' 생성자를 호출하는 동안
          with
          [
              _Elem=char
          ]
      C:\Program Files\Microsoft Visual Studio\2022\Community\VC\Tools\MSVC\14.42.34433\include\xstring(749,5):
      'std::basic_string<char,std::char_traits<char>,std::allocator<char>>::basic_string' 선언을 참조하십시오.
  
C:\MAK\src\vre\NesslabVrePlugins\nesslabTerrainSurfacePlugins\nesslabTerrainSurfacePluginsSim\TerrainSoil.cpp(403,42): warning C4927: 변환이 잘못되었습니다. 사용자 정의 변환이 암시적으로 두 번 이상 적용되었습니다.
      C:\MAK\src\vre\NesslabVrePlugins\nesslabTerrainSurfacePlugins\nesslabTerrainSurfacePluginsSim\TerrainSoil.cpp(403,42):
      'std::basic_string<char,std::char_traits<char>,std::allocator<char>>::basic_string(const _Elem *const )' 생성자를 호출하는 동안
          with
          [
              _Elem=char
          ]
      C:\Program Files\Microsoft Visual Studio\2022\Community\VC\Tools\MSVC\14.42.34433\include\xstring(749,5):
      'std::basic_string<char,std::char_traits<char>,std::allocator<char>>::basic_string' 선언을 참조하십시오.
  
  TerrainSlope.cxx
C:\Program Files\Microsoft Visual Studio\2022\Community\VC\Tools\MSVC\14.42.34433\include\compare(12): warning STL4038: The contents of <compare> are available only with C++20 or later.
C:\MAK\vrforces5.2k\include\vrftasks\simTaskState.h(1,1): warning C4819: 현재 코드 페이지(949)에서 표시할 수 없는 문자가 파일에 들어 있습니다. 데이터가 손실되지 않게 하려면 해당 파일을 유니코드 형식으로 저장하십시오.
  (소스 파일 'TerrainSlope.cxx'을(를) 컴파일하는 중)
  
C:\MAK\vrforces5.2k\include\vrftasks\simTask.h(1,1): warning C4819: 현재 코드 페이지(949)에서 표시할 수 없는 문자가 파일에 들어 있습니다. 데이터가 손실되지 않게 하려면 해당 파일을 유니코드 형식으로 저장하십시오.
  (소스 파일 'TerrainSlope.cxx'을(를) 컴파일하는 중)
  
C:\MAK\vrforces5.2k\include\vrfutil\profiler.h(52,9): warning C4005: 'TRACY_ENABLE': 매크로 재정의
  (소스 파일 'TerrainSlope.cxx'을(를) 컴파일하는 중)
      C:\MAK\vrforces5.2k\include\vrfutil\profiler.h(52,9):
      이전에 명령줄에서 선언된 'TRACY_ENABLE'
  
  코드를 생성하고 있습니다...
LINK : warning LNK4044: '/-vreVrfutil.lib' 옵션을 인식할 수 없습니다. 무시됩니다.
  라이브러리를 검색하고 있습니다.
      C:\MAK\vrforces5.2k\lib64\readerWriter.lib 검색 중:
      C:\MAK\vrengage2.2c\lib64\TracyClient.lib 검색 중:
      C:\Program Files (x86)\Windows Kits\10\lib\10.0.26100.0\um\x64\ntdll.lib 검색 중:
      C:\Program Files (x86)\Windows Kits\10\lib\10.0.26100.0\um\x64\ws2_32.lib 검색 중:
      C:\MAK\vrforces5.2k\lib64\features.lib 검색 중:
      C:\MAK\vrforces5.2k\lib64\gdb.lib 검색 중:
      C:\MAK\vrforces5.2k\lib64\geometry.lib 검색 중:
      C:\MAK\vrforces5.2k\lib64\luabind.lib 검색 중:
      C:\MAK\vrforces5.2k\lib64\makSettingsManager.lib 검색 중:
      C:\MAK\vrforces5.2k\lib64\matrix.lib 검색 중:
      C:\MAK\vrlink5.10\lib64\mtl.lib 검색 중:
      C:\MAK\vrforces5.2k\lib64\tdbutil.lib 검색 중:
      C:\MAK\vrforces5.2k\lib64\terrainCS.lib 검색 중:
      C:\MAK\vrforces5.2k\lib64\terrainInterface.lib 검색 중:
      C:\MAK\vrlink5.10\lib64\vl.lib 검색 중:
      C:\MAK\vrforces5.2k\lib64\vlutil.lib 검색 중:
      C:\MAK\vrforces5.2k\lib64\vrfExtProtocol.lib 검색 중:
      C:\MAK\vrforces5.2k\lib64\vrfMsgTransport.lib 검색 중:
      C:\MAK\vrforces5.2k\lib64\vrfSimCore.lib 검색 중:
      C:\MAK\vrforces5.2k\lib64\vrfStateData.lib 검색 중:
      C:\MAK\vrengage2.2c\lib64\vreVrfmodel.lib 검색 중:
      C:\MAK\vrforces5.2k\lib64\vrfmodel.lib 검색 중:
      C:\MAK\vrforces5.2k\lib64\vrfmsgs.lib 검색 중:
      C:\MAK\vrforces5.2k\lib64\vrfobjcore.lib 검색 중:
      C:\MAK\vrforces5.2k\lib64\vrfobjparam.lib 검색 중:
      C:\MAK\vrforces5.2k\lib64\vrftasks.lib 검색 중:
      C:\MAK\vrforces5.2k\lib64\vrfutil.lib 검색 중:
      C:\MAK\vrforces5.2k\lib64\vrvImgui.lib 검색 중:
      C:\MAK\vrengage2.2c\lib64\vreVrfobjcore.lib 검색 중:
      C:\MAK\vrengage2.2c\lib64\vreVrfobjparam.lib 검색 중:
      C:\MAK\vrengage2.2c\lib64\vreVrfMessages.lib 검색 중:
      C:\MAK\vrengage2.2c\lib64\vreMessages.lib 검색 중:
      C:\MAK\vrengage2.2c\lib64\vreMessageManager.lib 검색 중:
      C:\MAK\vrengage2.2c\lib64\vreUtil.lib 검색 중:
      C:\Program Files (x86)\Windows Kits\10\lib\10.0.26100.0\um\x64\kernel32.lib 검색 중:
      C:\Program Files (x86)\Windows Kits\10\lib\10.0.26100.0\um\x64\user32.lib 검색 중:
      C:\Program Files (x86)\Windows Kits\10\lib\10.0.26100.0\um\x64\gdi32.lib 검색 중:
      C:\Program Files (x86)\Windows Kits\10\lib\10.0.26100.0\um\x64\winspool.lib 검색 중:
      C:\Program Files (x86)\Windows Kits\10\lib\10.0.26100.0\um\x64\shell32.lib 검색 중:
      C:\Program Files (x86)\Windows Kits\10\lib\10.0.26100.0\um\x64\ole32.lib 검색 중:
      C:\Program Files (x86)\Windows Kits\10\lib\10.0.26100.0\um\x64\oleaut32.lib 검색 중:
      C:\Program Files (x86)\Windows Kits\10\lib\10.0.26100.0\um\x64\uuid.lib 검색 중:
      C:\Program Files (x86)\Windows Kits\10\lib\10.0.26100.0\um\x64\comdlg32.lib 검색 중:
      C:\Program Files (x86)\Windows Kits\10\lib\10.0.26100.0\um\x64\advapi32.lib 검색 중:
      C:\MAK\vrforces5.2k\lib64\vrvutil.lib 검색 중:
      C:\MAK\vrengage2.2c\lib64\NesslabCommon.lib 검색 중:
  NesslabCommon.lib(StopAllPluginsMessage.obj) : /GL로 컴파일한 MSIL .netmodule 또는 모듈이 있습니다. /LTCG를 지정하여 링크를 다시 시작하십시오. /LTCG를 링크 명령줄에 추가하면 링커 성능이 향상됩니다.
LINK : warning LNK4044: '/-vreVrfutil.lib' 옵션을 인식할 수 없습니다. 무시됩니다.
LINK : warning LNK4075: '/INCREMENTAL'이(가) '/LTCG' 사양으로 인해 무시됩니다.
  
  라이브러리를 검색하고 있습니다.
      C:\MAK\vrforces5.2k\lib64\readerWriter.lib 검색 중:
      C:\MAK\vrengage2.2c\lib64\TracyClient.lib 검색 중:
      C:\Program Files (x86)\Windows Kits\10\lib\10.0.26100.0\um\x64\ntdll.lib 검색 중:
      C:\Program Files (x86)\Windows Kits\10\lib\10.0.26100.0\um\x64\ws2_32.lib 검색 중:
      C:\MAK\vrforces5.2k\lib64\features.lib 검색 중:
      C:\MAK\vrforces5.2k\lib64\gdb.lib 검색 중:
      C:\MAK\vrforces5.2k\lib64\geometry.lib 검색 중:
      C:\MAK\vrforces5.2k\lib64\luabind.lib 검색 중:
      C:\MAK\vrforces5.2k\lib64\makSettingsManager.lib 검색 중:
      C:\MAK\vrforces5.2k\lib64\matrix.lib 검색 중:
      C:\MAK\vrlink5.10\lib64\mtl.lib 검색 중:
      C:\MAK\vrforces5.2k\lib64\tdbutil.lib 검색 중:
      C:\MAK\vrforces5.2k\lib64\terrainCS.lib 검색 중:
      C:\MAK\vrforces5.2k\lib64\terrainInterface.lib 검색 중:
      C:\MAK\vrlink5.10\lib64\vl.lib 검색 중:
      C:\MAK\vrforces5.2k\lib64\vlutil.lib 검색 중:
      C:\MAK\vrforces5.2k\lib64\vrfExtProtocol.lib 검색 중:
      C:\MAK\vrforces5.2k\lib64\vrfMsgTransport.lib 검색 중:
      C:\MAK\vrforces5.2k\lib64\vrfSimCore.lib 검색 중:
      C:\MAK\vrforces5.2k\lib64\vrfStateData.lib 검색 중:
      C:\MAK\vrengage2.2c\lib64\vreVrfmodel.lib 검색 중:
      C:\MAK\vrforces5.2k\lib64\vrfmodel.lib 검색 중:
      C:\MAK\vrforces5.2k\lib64\vrfmsgs.lib 검색 중:
      C:\MAK\vrforces5.2k\lib64\vrfobjcore.lib 검색 중:
      C:\MAK\vrforces5.2k\lib64\vrfobjparam.lib 검색 중:
      C:\MAK\vrforces5.2k\lib64\vrftasks.lib 검색 중:
      C:\MAK\vrforces5.2k\lib64\vrfutil.lib 검색 중:
      C:\MAK\vrforces5.2k\lib64\vrvImgui.lib 검색 중:
      C:\MAK\vrengage2.2c\lib64\vreVrfobjcore.lib 검색 중:
      C:\MAK\vrengage2.2c\lib64\vreVrfobjparam.lib 검색 중:
      C:\MAK\vrengage2.2c\lib64\vreVrfMessages.lib 검색 중:
      C:\MAK\vrengage2.2c\lib64\vreMessages.lib 검색 중:
      C:\MAK\vrengage2.2c\lib64\vreMessageManager.lib 검색 중:
      C:\MAK\vrengage2.2c\lib64\vreUtil.lib 검색 중:
      C:\Program Files (x86)\Windows Kits\10\lib\10.0.26100.0\um\x64\kernel32.lib 검색 중:
      C:\Program Files (x86)\Windows Kits\10\lib\10.0.26100.0\um\x64\user32.lib 검색 중:
      C:\Program Files (x86)\Windows Kits\10\lib\10.0.26100.0\um\x64\gdi32.lib 검색 중:
      C:\Program Files (x86)\Windows Kits\10\lib\10.0.26100.0\um\x64\winspool.lib 검색 중:
      C:\Program Files (x86)\Windows Kits\10\lib\10.0.26100.0\um\x64\shell32.lib 검색 중:
      C:\Program Files (x86)\Windows Kits\10\lib\10.0.26100.0\um\x64\ole32.lib 검색 중:
      C:\Program Files (x86)\Windows Kits\10\lib\10.0.26100.0\um\x64\oleaut32.lib 검색 중:
      C:\Program Files (x86)\Windows Kits\10\lib\10.0.26100.0\um\x64\uuid.lib 검색 중:
      C:\Program Files (x86)\Windows Kits\10\lib\10.0.26100.0\um\x64\comdlg32.lib 검색 중:
      C:\Program Files (x86)\Windows Kits\10\lib\10.0.26100.0\um\x64\advapi32.lib 검색 중:
      C:\MAK\vrforces5.2k\lib64\vrvutil.lib 검색 중:
      C:\MAK\vrengage2.2c\lib64\NesslabCommon.lib 검색 중:
      C:\Program Files\Microsoft Visual Studio\2022\Community\VC\Tools\MSVC\14.42.34433\lib\x64\msvcprt.lib 검색 중:
      C:\MAK\vrforces5.2k\lib64\libboost_serialization-vc141-mt-x64-1_84.lib 검색 중:
      C:\MAK\vrforces5.2k\lib64\tbb12.lib 검색 중:
      C:\Program Files\Microsoft Visual Studio\2022\Community\VC\Tools\MSVC\14.42.34433\lib\x64\MSVCRT.lib 검색 중:
      C:\Program Files\Microsoft Visual Studio\2022\Community\VC\Tools\MSVC\14.42.34433\lib\x64\OLDNAMES.lib 검색 중:
      C:\Program Files (x86)\Windows Kits\10\lib\10.0.26100.0\um\x64\iphlpapi.lib 검색 중:
      C:\Program Files\Microsoft Visual Studio\2022\Community\VC\Tools\MSVC\14.42.34433\lib\x64\vcruntime.lib 검색 중:
      C:\Program Files (x86)\Windows Kits\10\lib\10.0.26100.0\ucrt\x64\ucrt.lib 검색 중:
      C:\MAK\vrforces5.2k\lib64\readerWriter.lib 검색 중:
      C:\MAK\vrengage2.2c\lib64\TracyClient.lib 검색 중:
      C:\Program Files (x86)\Windows Kits\10\lib\10.0.26100.0\um\x64\ntdll.lib 검색 중:
      C:\Program Files (x86)\Windows Kits\10\lib\10.0.26100.0\um\x64\ws2_32.lib 검색 중:
      C:\MAK\vrforces5.2k\lib64\features.lib 검색 중:
      C:\MAK\vrforces5.2k\lib64\gdb.lib 검색 중:
      C:\MAK\vrforces5.2k\lib64\geometry.lib 검색 중:
      C:\MAK\vrforces5.2k\lib64\luabind.lib 검색 중:
      C:\MAK\vrforces5.2k\lib64\makSettingsManager.lib 검색 중:
      C:\MAK\vrforces5.2k\lib64\matrix.lib 검색 중:
      C:\MAK\vrlink5.10\lib64\mtl.lib 검색 중:
      C:\MAK\vrforces5.2k\lib64\tdbutil.lib 검색 중:
      C:\MAK\vrforces5.2k\lib64\terrainCS.lib 검색 중:
      C:\MAK\vrforces5.2k\lib64\terrainInterface.lib 검색 중:
      C:\MAK\vrlink5.10\lib64\vl.lib 검색 중:
      C:\MAK\vrforces5.2k\lib64\vlutil.lib 검색 중:
      C:\MAK\vrforces5.2k\lib64\vrfExtProtocol.lib 검색 중:
      C:\MAK\vrforces5.2k\lib64\vrfMsgTransport.lib 검색 중:
      C:\MAK\vrforces5.2k\lib64\vrfSimCore.lib 검색 중:
      C:\MAK\vrforces5.2k\lib64\vrfStateData.lib 검색 중:
      C:\MAK\vrengage2.2c\lib64\vreVrfmodel.lib 검색 중:
      C:\MAK\vrforces5.2k\lib64\vrfmodel.lib 검색 중:
      C:\MAK\vrforces5.2k\lib64\vrfmsgs.lib 검색 중:
      C:\MAK\vrforces5.2k\lib64\vrfobjcore.lib 검색 중:
      C:\MAK\vrforces5.2k\lib64\vrfobjparam.lib 검색 중:
      C:\MAK\vrforces5.2k\lib64\vrftasks.lib 검색 중:
      C:\MAK\vrforces5.2k\lib64\vrfutil.lib 검색 중:
      C:\MAK\vrforces5.2k\lib64\vrvImgui.lib 검색 중:
      C:\MAK\vrengage2.2c\lib64\vreVrfobjcore.lib 검색 중:
      C:\MAK\vrengage2.2c\lib64\vreVrfobjparam.lib 검색 중:
      C:\MAK\vrengage2.2c\lib64\vreVrfMessages.lib 검색 중:
      C:\MAK\vrengage2.2c\lib64\vreMessages.lib 검색 중:
      C:\MAK\vrengage2.2c\lib64\vreMessageManager.lib 검색 중:
      C:\MAK\vrengage2.2c\lib64\vreUtil.lib 검색 중:
      C:\Program Files (x86)\Windows Kits\10\lib\10.0.26100.0\um\x64\kernel32.lib 검색 중:
      C:\Program Files (x86)\Windows Kits\10\lib\10.0.26100.0\um\x64\user32.lib 검색 중:
      C:\Program Files (x86)\Windows Kits\10\lib\10.0.26100.0\um\x64\gdi32.lib 검색 중:
      C:\Program Files (x86)\Windows Kits\10\lib\10.0.26100.0\um\x64\winspool.lib 검색 중:
      C:\Program Files (x86)\Windows Kits\10\lib\10.0.26100.0\um\x64\shell32.lib 검색 중:
      C:\Program Files (x86)\Windows Kits\10\lib\10.0.26100.0\um\x64\ole32.lib 검색 중:
      C:\Program Files (x86)\Windows Kits\10\lib\10.0.26100.0\um\x64\oleaut32.lib 검색 중:
      C:\Program Files (x86)\Windows Kits\10\lib\10.0.26100.0\um\x64\uuid.lib 검색 중:
      C:\Program Files (x86)\Windows Kits\10\lib\10.0.26100.0\um\x64\comdlg32.lib 검색 중:
      C:\Program Files (x86)\Windows Kits\10\lib\10.0.26100.0\um\x64\advapi32.lib 검색 중:
      C:\MAK\vrforces5.2k\lib64\vrvutil.lib 검색 중:
      C:\MAK\vrengage2.2c\lib64\NesslabCommon.lib 검색 중:
      C:\Program Files\Microsoft Visual Studio\2022\Community\VC\Tools\MSVC\14.42.34433\lib\x64\msvcprt.lib 검색 중:
      C:\MAK\vrforces5.2k\lib64\libboost_serialization-vc141-mt-x64-1_84.lib 검색 중:
      C:\MAK\vrforces5.2k\lib64\tbb12.lib 검색 중:
      C:\Program Files\Microsoft Visual Studio\2022\Community\VC\Tools\MSVC\14.42.34433\lib\x64\MSVCRT.lib 검색 중:
      C:\Program Files\Microsoft Visual Studio\2022\Community\VC\Tools\MSVC\14.42.34433\lib\x64\OLDNAMES.lib 검색 중:
      C:\Program Files (x86)\Windows Kits\10\lib\10.0.26100.0\um\x64\iphlpapi.lib 검색 중:
      C:\Program Files\Microsoft Visual Studio\2022\Community\VC\Tools\MSVC\14.42.34433\lib\x64\vcruntime.lib 검색 중:
      C:\Program Files (x86)\Windows Kits\10\lib\10.0.26100.0\ucrt\x64\ucrt.lib 검색 중:
      C:\MAK\vrforces5.2k\lib64\readerWriter.lib 검색 중:
      C:\MAK\vrengage2.2c\lib64\TracyClient.lib 검색 중:
      C:\Program Files (x86)\Windows Kits\10\lib\10.0.26100.0\um\x64\ntdll.lib 검색 중:
      C:\Program Files (x86)\Windows Kits\10\lib\10.0.26100.0\um\x64\ws2_32.lib 검색 중:
      C:\MAK\vrforces5.2k\lib64\features.lib 검색 중:
      C:\MAK\vrforces5.2k\lib64\gdb.lib 검색 중:
      C:\MAK\vrforces5.2k\lib64\geometry.lib 검색 중:
      C:\MAK\vrforces5.2k\lib64\luabind.lib 검색 중:
      C:\MAK\vrforces5.2k\lib64\makSettingsManager.lib 검색 중:
      C:\MAK\vrforces5.2k\lib64\matrix.lib 검색 중:
      C:\MAK\vrlink5.10\lib64\mtl.lib 검색 중:
      C:\MAK\vrforces5.2k\lib64\tdbutil.lib 검색 중:
      C:\MAK\vrforces5.2k\lib64\terrainCS.lib 검색 중:
      C:\MAK\vrforces5.2k\lib64\terrainInterface.lib 검색 중:
      C:\MAK\vrlink5.10\lib64\vl.lib 검색 중:
      C:\MAK\vrforces5.2k\lib64\vlutil.lib 검색 중:
      C:\MAK\vrforces5.2k\lib64\vrfExtProtocol.lib 검색 중:
      C:\MAK\vrforces5.2k\lib64\vrfMsgTransport.lib 검색 중:
      C:\MAK\vrforces5.2k\lib64\vrfSimCore.lib 검색 중:
      C:\MAK\vrforces5.2k\lib64\vrfStateData.lib 검색 중:
      C:\MAK\vrengage2.2c\lib64\vreVrfmodel.lib 검색 중:
      C:\MAK\vrforces5.2k\lib64\vrfmodel.lib 검색 중:
      C:\MAK\vrforces5.2k\lib64\vrfmsgs.lib 검색 중:
      C:\MAK\vrforces5.2k\lib64\vrfobjcore.lib 검색 중:
      C:\MAK\vrforces5.2k\lib64\vrfobjparam.lib 검색 중:
      C:\MAK\vrforces5.2k\lib64\vrftasks.lib 검색 중:
      C:\MAK\vrforces5.2k\lib64\vrfutil.lib 검색 중:
      C:\MAK\vrforces5.2k\lib64\vrvImgui.lib 검색 중:
      C:\MAK\vrengage2.2c\lib64\vreVrfobjcore.lib 검색 중:
      C:\MAK\vrengage2.2c\lib64\vreVrfobjparam.lib 검색 중:
      C:\MAK\vrengage2.2c\lib64\vreVrfMessages.lib 검색 중:
      C:\MAK\vrengage2.2c\lib64\vreMessages.lib 검색 중:
      C:\MAK\vrengage2.2c\lib64\vreMessageManager.lib 검색 중:
      C:\MAK\vrengage2.2c\lib64\vreUtil.lib 검색 중:
  
  라이브러리가 검색되었습니다.
     ../../nesslabTerrainSurfacePlugins/nesslabTerrainSurfacePluginsSim/build64/RelWithDebInfo/nesslabTerrainSurfaceSim.lib 라이브러리 및 ../../nesslabTerrainSurfacePlugins/nesslabTerrainSurfacePluginsSim/build64/RelWithDebInfo/nesslabTerrainSurfaceSim.exp 개체를 생성하고 있습니다.
  
  라이브러리를 검색하고 있습니다.
      C:\MAK\vrforces5.2k\lib64\readerWriter.lib 검색 중:
      C:\MAK\vrengage2.2c\lib64\TracyClient.lib 검색 중:
      C:\Program Files (x86)\Windows Kits\10\lib\10.0.26100.0\um\x64\ntdll.lib 검색 중:
      C:\Program Files (x86)\Windows Kits\10\lib\10.0.26100.0\um\x64\ws2_32.lib 검색 중:
      C:\MAK\vrforces5.2k\lib64\features.lib 검색 중:
      C:\MAK\vrforces5.2k\lib64\gdb.lib 검색 중:
      C:\MAK\vrforces5.2k\lib64\geometry.lib 검색 중:
      C:\MAK\vrforces5.2k\lib64\luabind.lib 검색 중:
      C:\MAK\vrforces5.2k\lib64\makSettingsManager.lib 검색 중:
      C:\MAK\vrforces5.2k\lib64\matrix.lib 검색 중:
      C:\MAK\vrlink5.10\lib64\mtl.lib 검색 중:
      C:\MAK\vrforces5.2k\lib64\tdbutil.lib 검색 중:
      C:\MAK\vrforces5.2k\lib64\terrainCS.lib 검색 중:
      C:\MAK\vrforces5.2k\lib64\terrainInterface.lib 검색 중:
      C:\MAK\vrlink5.10\lib64\vl.lib 검색 중:
      C:\MAK\vrforces5.2k\lib64\vlutil.lib 검색 중:
      C:\MAK\vrforces5.2k\lib64\vrfExtProtocol.lib 검색 중:
      C:\MAK\vrforces5.2k\lib64\vrfMsgTransport.lib 검색 중:
      C:\MAK\vrforces5.2k\lib64\vrfSimCore.lib 검색 중:
      C:\MAK\vrforces5.2k\lib64\vrfStateData.lib 검색 중:
      C:\MAK\vrengage2.2c\lib64\vreVrfmodel.lib 검색 중:
      C:\MAK\vrforces5.2k\lib64\vrfmodel.lib 검색 중:
      C:\MAK\vrforces5.2k\lib64\vrfmsgs.lib 검색 중:
      C:\MAK\vrforces5.2k\lib64\vrfobjcore.lib 검색 중:
      C:\MAK\vrforces5.2k\lib64\vrfobjparam.lib 검색 중:
      C:\MAK\vrforces5.2k\lib64\vrftasks.lib 검색 중:
      C:\MAK\vrforces5.2k\lib64\vrfutil.lib 검색 중:
      C:\MAK\vrforces5.2k\lib64\vrvImgui.lib 검색 중:
      C:\MAK\vrengage2.2c\lib64\vreVrfobjcore.lib 검색 중:
      C:\MAK\vrengage2.2c\lib64\vreVrfobjparam.lib 검색 중:
      C:\MAK\vrengage2.2c\lib64\vreVrfMessages.lib 검색 중:
      C:\MAK\vrengage2.2c\lib64\vreMessages.lib 검색 중:
      C:\MAK\vrengage2.2c\lib64\vreMessageManager.lib 검색 중:
      C:\MAK\vrengage2.2c\lib64\vreUtil.lib 검색 중:
      C:\Program Files (x86)\Windows Kits\10\lib\10.0.26100.0\um\x64\kernel32.lib 검색 중:
      C:\Program Files (x86)\Windows Kits\10\lib\10.0.26100.0\um\x64\user32.lib 검색 중:
      C:\Program Files (x86)\Windows Kits\10\lib\10.0.26100.0\um\x64\gdi32.lib 검색 중:
      C:\Program Files (x86)\Windows Kits\10\lib\10.0.26100.0\um\x64\winspool.lib 검색 중:
      C:\Program Files (x86)\Windows Kits\10\lib\10.0.26100.0\um\x64\shell32.lib 검색 중:
      C:\Program Files (x86)\Windows Kits\10\lib\10.0.26100.0\um\x64\ole32.lib 검색 중:
      C:\Program Files (x86)\Windows Kits\10\lib\10.0.26100.0\um\x64\oleaut32.lib 검색 중:
      C:\Program Files (x86)\Windows Kits\10\lib\10.0.26100.0\um\x64\uuid.lib 검색 중:
      C:\Program Files (x86)\Windows Kits\10\lib\10.0.26100.0\um\x64\comdlg32.lib 검색 중:
      C:\Program Files (x86)\Windows Kits\10\lib\10.0.26100.0\um\x64\advapi32.lib 검색 중:
      C:\MAK\vrforces5.2k\lib64\vrvutil.lib 검색 중:
      C:\MAK\vrengage2.2c\lib64\NesslabCommon.lib 검색 중:
      C:\Program Files\Microsoft Visual Studio\2022\Community\VC\Tools\MSVC\14.42.34433\lib\x64\msvcprt.lib 검색 중:
      C:\MAK\vrforces5.2k\lib64\libboost_serialization-vc141-mt-x64-1_84.lib 검색 중:
      C:\MAK\vrforces5.2k\lib64\tbb12.lib 검색 중:
      C:\Program Files\Microsoft Visual Studio\2022\Community\VC\Tools\MSVC\14.42.34433\lib\x64\MSVCRT.lib 검색 중:
      C:\Program Files\Microsoft Visual Studio\2022\Community\VC\Tools\MSVC\14.42.34433\lib\x64\OLDNAMES.lib 검색 중:
      C:\Program Files (x86)\Windows Kits\10\lib\10.0.26100.0\um\x64\iphlpapi.lib 검색 중:
      C:\Program Files\Microsoft Visual Studio\2022\Community\VC\Tools\MSVC\14.42.34433\lib\x64\vcruntime.lib 검색 중:
      C:\Program Files (x86)\Windows Kits\10\lib\10.0.26100.0\ucrt\x64\ucrt.lib 검색 중:
  
  라이브러리가 검색되었습니다.
  
  라이브러리를 검색하고 있습니다.
      C:\MAK\vrforces5.2k\lib64\readerWriter.lib 검색 중:
      C:\MAK\vrengage2.2c\lib64\TracyClient.lib 검색 중:
      C:\Program Files (x86)\Windows Kits\10\lib\10.0.26100.0\um\x64\ntdll.lib 검색 중:
      C:\Program Files (x86)\Windows Kits\10\lib\10.0.26100.0\um\x64\ws2_32.lib 검색 중:
      C:\MAK\vrforces5.2k\lib64\features.lib 검색 중:
      C:\MAK\vrforces5.2k\lib64\gdb.lib 검색 중:
      C:\MAK\vrforces5.2k\lib64\geometry.lib 검색 중:
      C:\MAK\vrforces5.2k\lib64\luabind.lib 검색 중:
      C:\MAK\vrforces5.2k\lib64\makSettingsManager.lib 검색 중:
      C:\MAK\vrforces5.2k\lib64\matrix.lib 검색 중:
      C:\MAK\vrlink5.10\lib64\mtl.lib 검색 중:
      C:\MAK\vrforces5.2k\lib64\tdbutil.lib 검색 중:
      C:\MAK\vrforces5.2k\lib64\terrainCS.lib 검색 중:
      C:\MAK\vrforces5.2k\lib64\terrainInterface.lib 검색 중:
      C:\MAK\vrlink5.10\lib64\vl.lib 검색 중:
      C:\MAK\vrforces5.2k\lib64\vlutil.lib 검색 중:
      C:\MAK\vrforces5.2k\lib64\vrfExtProtocol.lib 검색 중:
      C:\MAK\vrforces5.2k\lib64\vrfMsgTransport.lib 검색 중:
      C:\MAK\vrforces5.2k\lib64\vrfSimCore.lib 검색 중:
      C:\MAK\vrforces5.2k\lib64\vrfStateData.lib 검색 중:
      C:\MAK\vrengage2.2c\lib64\vreVrfmodel.lib 검색 중:
      C:\MAK\vrforces5.2k\lib64\vrfmodel.lib 검색 중:
      C:\MAK\vrforces5.2k\lib64\vrfmsgs.lib 검색 중:
      C:\MAK\vrforces5.2k\lib64\vrfobjcore.lib 검색 중:
      C:\MAK\vrforces5.2k\lib64\vrfobjparam.lib 검색 중:
      C:\MAK\vrforces5.2k\lib64\vrftasks.lib 검색 중:
      C:\MAK\vrforces5.2k\lib64\vrfutil.lib 검색 중:
      C:\MAK\vrforces5.2k\lib64\vrvImgui.lib 검색 중:
      C:\MAK\vrengage2.2c\lib64\vreVrfobjcore.lib 검색 중:
      C:\MAK\vrengage2.2c\lib64\vreVrfobjparam.lib 검색 중:
      C:\MAK\vrengage2.2c\lib64\vreVrfMessages.lib 검색 중:
      C:\MAK\vrengage2.2c\lib64\vreMessages.lib 검색 중:
      C:\MAK\vrengage2.2c\lib64\vreMessageManager.lib 검색 중:
      C:\MAK\vrengage2.2c\lib64\vreUtil.lib 검색 중:
      C:\Program Files (x86)\Windows Kits\10\lib\10.0.26100.0\um\x64\kernel32.lib 검색 중:
      C:\Program Files (x86)\Windows Kits\10\lib\10.0.26100.0\um\x64\user32.lib 검색 중:
      C:\Program Files (x86)\Windows Kits\10\lib\10.0.26100.0\um\x64\gdi32.lib 검색 중:
      C:\Program Files (x86)\Windows Kits\10\lib\10.0.26100.0\um\x64\winspool.lib 검색 중:
      C:\Program Files (x86)\Windows Kits\10\lib\10.0.26100.0\um\x64\shell32.lib 검색 중:
      C:\Program Files (x86)\Windows Kits\10\lib\10.0.26100.0\um\x64\ole32.lib 검색 중:
      C:\Program Files (x86)\Windows Kits\10\lib\10.0.26100.0\um\x64\oleaut32.lib 검색 중:
      C:\Program Files (x86)\Windows Kits\10\lib\10.0.26100.0\um\x64\uuid.lib 검색 중:
      C:\Program Files (x86)\Windows Kits\10\lib\10.0.26100.0\um\x64\comdlg32.lib 검색 중:
      C:\Program Files (x86)\Windows Kits\10\lib\10.0.26100.0\um\x64\advapi32.lib 검색 중:
      C:\MAK\vrforces5.2k\lib64\vrvutil.lib 검색 중:
      C:\MAK\vrengage2.2c\lib64\NesslabCommon.lib 검색 중:
      C:\Program Files\Microsoft Visual Studio\2022\Community\VC\Tools\MSVC\14.42.34433\lib\x64\msvcprt.lib 검색 중:
      C:\MAK\vrforces5.2k\lib64\libboost_serialization-vc141-mt-x64-1_84.lib 검색 중:
      C:\MAK\vrforces5.2k\lib64\tbb12.lib 검색 중:
      C:\Program Files\Microsoft Visual Studio\2022\Community\VC\Tools\MSVC\14.42.34433\lib\x64\MSVCRT.lib 검색 중:
      C:\Program Files\Microsoft Visual Studio\2022\Community\VC\Tools\MSVC\14.42.34433\lib\x64\OLDNAMES.lib 검색 중:
      C:\Program Files (x86)\Windows Kits\10\lib\10.0.26100.0\um\x64\iphlpapi.lib 검색 중:
      C:\Program Files\Microsoft Visual Studio\2022\Community\VC\Tools\MSVC\14.42.34433\lib\x64\vcruntime.lib 검색 중:
      C:\Program Files (x86)\Windows Kits\10\lib\10.0.26100.0\ucrt\x64\ucrt.lib 검색 중:
  
  라이브러리가 검색되었습니다.
  
  라이브러리를 검색하고 있습니다.
      C:\MAK\vrforces5.2k\lib64\readerWriter.lib 검색 중:
      C:\MAK\vrengage2.2c\lib64\TracyClient.lib 검색 중:
      C:\Program Files (x86)\Windows Kits\10\lib\10.0.26100.0\um\x64\ntdll.lib 검색 중:
      C:\Program Files (x86)\Windows Kits\10\lib\10.0.26100.0\um\x64\ws2_32.lib 검색 중:
      C:\MAK\vrforces5.2k\lib64\features.lib 검색 중:
      C:\MAK\vrforces5.2k\lib64\gdb.lib 검색 중:
      C:\MAK\vrforces5.2k\lib64\geometry.lib 검색 중:
      C:\MAK\vrforces5.2k\lib64\luabind.lib 검색 중:
      C:\MAK\vrforces5.2k\lib64\makSettingsManager.lib 검색 중:
      C:\MAK\vrforces5.2k\lib64\matrix.lib 검색 중:
      C:\MAK\vrlink5.10\lib64\mtl.lib 검색 중:
      C:\MAK\vrforces5.2k\lib64\tdbutil.lib 검색 중:
      C:\MAK\vrforces5.2k\lib64\terrainCS.lib 검색 중:
      C:\MAK\vrforces5.2k\lib64\terrainInterface.lib 검색 중:
      C:\MAK\vrlink5.10\lib64\vl.lib 검색 중:
      C:\MAK\vrforces5.2k\lib64\vlutil.lib 검색 중:
      C:\MAK\vrforces5.2k\lib64\vrfExtProtocol.lib 검색 중:
      C:\MAK\vrforces5.2k\lib64\vrfMsgTransport.lib 검색 중:
      C:\MAK\vrforces5.2k\lib64\vrfSimCore.lib 검색 중:
      C:\MAK\vrforces5.2k\lib64\vrfStateData.lib 검색 중:
      C:\MAK\vrengage2.2c\lib64\vreVrfmodel.lib 검색 중:
      C:\MAK\vrforces5.2k\lib64\vrfmodel.lib 검색 중:
      C:\MAK\vrforces5.2k\lib64\vrfmsgs.lib 검색 중:
      C:\MAK\vrforces5.2k\lib64\vrfobjcore.lib 검색 중:
      C:\MAK\vrforces5.2k\lib64\vrfobjparam.lib 검색 중:
      C:\MAK\vrforces5.2k\lib64\vrftasks.lib 검색 중:
      C:\MAK\vrforces5.2k\lib64\vrfutil.lib 검색 중:
      C:\MAK\vrforces5.2k\lib64\vrvImgui.lib 검색 중:
      C:\MAK\vrengage2.2c\lib64\vreVrfobjcore.lib 검색 중:
      C:\MAK\vrengage2.2c\lib64\vreVrfobjparam.lib 검색 중:
      C:\MAK\vrengage2.2c\lib64\vreVrfMessages.lib 검색 중:
      C:\MAK\vrengage2.2c\lib64\vreMessages.lib 검색 중:
      C:\MAK\vrengage2.2c\lib64\vreMessageManager.lib 검색 중:
      C:\MAK\vrengage2.2c\lib64\vreUtil.lib 검색 중:
      C:\Program Files (x86)\Windows Kits\10\lib\10.0.26100.0\um\x64\kernel32.lib 검색 중:
      C:\Program Files (x86)\Windows Kits\10\lib\10.0.26100.0\um\x64\user32.lib 검색 중:
      C:\Program Files (x86)\Windows Kits\10\lib\10.0.26100.0\um\x64\gdi32.lib 검색 중:
      C:\Program Files (x86)\Windows Kits\10\lib\10.0.26100.0\um\x64\winspool.lib 검색 중:
      C:\Program Files (x86)\Windows Kits\10\lib\10.0.26100.0\um\x64\shell32.lib 검색 중:
      C:\Program Files (x86)\Windows Kits\10\lib\10.0.26100.0\um\x64\ole32.lib 검색 중:
      C:\Program Files (x86)\Windows Kits\10\lib\10.0.26100.0\um\x64\oleaut32.lib 검색 중:
      C:\Program Files (x86)\Windows Kits\10\lib\10.0.26100.0\um\x64\uuid.lib 검색 중:
      C:\Program Files (x86)\Windows Kits\10\lib\10.0.26100.0\um\x64\comdlg32.lib 검색 중:
      C:\Program Files (x86)\Windows Kits\10\lib\10.0.26100.0\um\x64\advapi32.lib 검색 중:
      C:\MAK\vrforces5.2k\lib64\vrvutil.lib 검색 중:
      C:\MAK\vrengage2.2c\lib64\NesslabCommon.lib 검색 중:
      C:\Program Files\Microsoft Visual Studio\2022\Community\VC\Tools\MSVC\14.42.34433\lib\x64\msvcprt.lib 검색 중:
      C:\MAK\vrforces5.2k\lib64\libboost_serialization-vc141-mt-x64-1_84.lib 검색 중:
      C:\MAK\vrforces5.2k\lib64\tbb12.lib 검색 중:
      C:\Program Files\Microsoft Visual Studio\2022\Community\VC\Tools\MSVC\14.42.34433\lib\x64\MSVCRT.lib 검색 중:
      C:\Program Files\Microsoft Visual Studio\2022\Community\VC\Tools\MSVC\14.42.34433\lib\x64\OLDNAMES.lib 검색 중:
      C:\Program Files (x86)\Windows Kits\10\lib\10.0.26100.0\um\x64\iphlpapi.lib 검색 중:
      C:\Program Files\Microsoft Visual Studio\2022\Community\VC\Tools\MSVC\14.42.34433\lib\x64\vcruntime.lib 검색 중:
      C:\Program Files (x86)\Windows Kits\10\lib\10.0.26100.0\ucrt\x64\ucrt.lib 검색 중:
  
  라이브러리가 검색되었습니다.
  
  라이브러리를 검색하고 있습니다.
      C:\MAK\vrforces5.2k\lib64\readerWriter.lib 검색 중:
      C:\MAK\vrengage2.2c\lib64\TracyClient.lib 검색 중:
      C:\Program Files (x86)\Windows Kits\10\lib\10.0.26100.0\um\x64\ntdll.lib 검색 중:
      C:\Program Files (x86)\Windows Kits\10\lib\10.0.26100.0\um\x64\ws2_32.lib 검색 중:
      C:\MAK\vrforces5.2k\lib64\features.lib 검색 중:
      C:\MAK\vrforces5.2k\lib64\gdb.lib 검색 중:
      C:\MAK\vrforces5.2k\lib64\geometry.lib 검색 중:
      C:\MAK\vrforces5.2k\lib64\luabind.lib 검색 중:
      C:\MAK\vrforces5.2k\lib64\makSettingsManager.lib 검색 중:
      C:\MAK\vrforces5.2k\lib64\matrix.lib 검색 중:
      C:\MAK\vrlink5.10\lib64\mtl.lib 검색 중:
      C:\MAK\vrforces5.2k\lib64\tdbutil.lib 검색 중:
      C:\MAK\vrforces5.2k\lib64\terrainCS.lib 검색 중:
      C:\MAK\vrforces5.2k\lib64\terrainInterface.lib 검색 중:
      C:\MAK\vrlink5.10\lib64\vl.lib 검색 중:
      C:\MAK\vrforces5.2k\lib64\vlutil.lib 검색 중:
      C:\MAK\vrforces5.2k\lib64\vrfExtProtocol.lib 검색 중:
      C:\MAK\vrforces5.2k\lib64\vrfMsgTransport.lib 검색 중:
      C:\MAK\vrforces5.2k\lib64\vrfSimCore.lib 검색 중:
      C:\MAK\vrforces5.2k\lib64\vrfStateData.lib 검색 중:
      C:\MAK\vrengage2.2c\lib64\vreVrfmodel.lib 검색 중:
      C:\MAK\vrforces5.2k\lib64\vrfmodel.lib 검색 중:
      C:\MAK\vrforces5.2k\lib64\vrfmsgs.lib 검색 중:
      C:\MAK\vrforces5.2k\lib64\vrfobjcore.lib 검색 중:
      C:\MAK\vrforces5.2k\lib64\vrfobjparam.lib 검색 중:
      C:\MAK\vrforces5.2k\lib64\vrftasks.lib 검색 중:
      C:\MAK\vrforces5.2k\lib64\vrfutil.lib 검색 중:
      C:\MAK\vrforces5.2k\lib64\vrvImgui.lib 검색 중:
      C:\MAK\vrengage2.2c\lib64\vreVrfobjcore.lib 검색 중:
      C:\MAK\vrengage2.2c\lib64\vreVrfobjparam.lib 검색 중:
      C:\MAK\vrengage2.2c\lib64\vreVrfMessages.lib 검색 중:
      C:\MAK\vrengage2.2c\lib64\vreMessages.lib 검색 중:
      C:\MAK\vrengage2.2c\lib64\vreMessageManager.lib 검색 중:
      C:\MAK\vrengage2.2c\lib64\vreUtil.lib 검색 중:
      C:\Program Files (x86)\Windows Kits\10\lib\10.0.26100.0\um\x64\kernel32.lib 검색 중:
      C:\Program Files (x86)\Windows Kits\10\lib\10.0.26100.0\um\x64\user32.lib 검색 중:
      C:\Program Files (x86)\Windows Kits\10\lib\10.0.26100.0\um\x64\gdi32.lib 검색 중:
      C:\Program Files (x86)\Windows Kits\10\lib\10.0.26100.0\um\x64\winspool.lib 검색 중:
      C:\Program Files (x86)\Windows Kits\10\lib\10.0.26100.0\um\x64\shell32.lib 검색 중:
      C:\Program Files (x86)\Windows Kits\10\lib\10.0.26100.0\um\x64\ole32.lib 검색 중:
      C:\Program Files (x86)\Windows Kits\10\lib\10.0.26100.0\um\x64\oleaut32.lib 검색 중:
      C:\Program Files (x86)\Windows Kits\10\lib\10.0.26100.0\um\x64\uuid.lib 검색 중:
      C:\Program Files (x86)\Windows Kits\10\lib\10.0.26100.0\um\x64\comdlg32.lib 검색 중:
      C:\Program Files (x86)\Windows Kits\10\lib\10.0.26100.0\um\x64\advapi32.lib 검색 중:
      C:\MAK\vrforces5.2k\lib64\vrvutil.lib 검색 중:
      C:\MAK\vrengage2.2c\lib64\NesslabCommon.lib 검색 중:
      C:\Program Files\Microsoft Visual Studio\2022\Community\VC\Tools\MSVC\14.42.34433\lib\x64\msvcprt.lib 검색 중:
      C:\MAK\vrforces5.2k\lib64\libboost_serialization-vc141-mt-x64-1_84.lib 검색 중:
      C:\MAK\vrforces5.2k\lib64\tbb12.lib 검색 중:
      C:\Program Files\Microsoft Visual Studio\2022\Community\VC\Tools\MSVC\14.42.34433\lib\x64\MSVCRT.lib 검색 중:
      C:\Program Files\Microsoft Visual Studio\2022\Community\VC\Tools\MSVC\14.42.34433\lib\x64\OLDNAMES.lib 검색 중:
      C:\Program Files (x86)\Windows Kits\10\lib\10.0.26100.0\um\x64\iphlpapi.lib 검색 중:
      C:\Program Files\Microsoft Visual Studio\2022\Community\VC\Tools\MSVC\14.42.34433\lib\x64\vcruntime.lib 검색 중:
      C:\Program Files (x86)\Windows Kits\10\lib\10.0.26100.0\ucrt\x64\ucrt.lib 검색 중:
  
  라이브러리가 검색되었습니다.
  코드를 생성하고 있습니다.
  코드를 생성했습니다.
  
  라이브러리를 검색하고 있습니다.
      C:\MAK\vrforces5.2k\lib64\readerWriter.lib 검색 중:
      C:\MAK\vrengage2.2c\lib64\TracyClient.lib 검색 중:
      C:\Program Files (x86)\Windows Kits\10\lib\10.0.26100.0\um\x64\ntdll.lib 검색 중:
      C:\Program Files (x86)\Windows Kits\10\lib\10.0.26100.0\um\x64\ws2_32.lib 검색 중:
      C:\MAK\vrforces5.2k\lib64\features.lib 검색 중:
      C:\MAK\vrforces5.2k\lib64\gdb.lib 검색 중:
      C:\MAK\vrforces5.2k\lib64\geometry.lib 검색 중:
      C:\MAK\vrforces5.2k\lib64\luabind.lib 검색 중:
      C:\MAK\vrforces5.2k\lib64\makSettingsManager.lib 검색 중:
      C:\MAK\vrforces5.2k\lib64\matrix.lib 검색 중:
      C:\MAK\vrlink5.10\lib64\mtl.lib 검색 중:
      C:\MAK\vrforces5.2k\lib64\tdbutil.lib 검색 중:
      C:\MAK\vrforces5.2k\lib64\terrainCS.lib 검색 중:
      C:\MAK\vrforces5.2k\lib64\terrainInterface.lib 검색 중:
      C:\MAK\vrlink5.10\lib64\vl.lib 검색 중:
      C:\MAK\vrforces5.2k\lib64\vlutil.lib 검색 중:
      C:\MAK\vrforces5.2k\lib64\vrfExtProtocol.lib 검색 중:
      C:\MAK\vrforces5.2k\lib64\vrfMsgTransport.lib 검색 중:
      C:\MAK\vrforces5.2k\lib64\vrfSimCore.lib 검색 중:
      C:\MAK\vrforces5.2k\lib64\vrfStateData.lib 검색 중:
      C:\MAK\vrengage2.2c\lib64\vreVrfmodel.lib 검색 중:
      C:\MAK\vrforces5.2k\lib64\vrfmodel.lib 검색 중:
      C:\MAK\vrforces5.2k\lib64\vrfmsgs.lib 검색 중:
      C:\MAK\vrforces5.2k\lib64\vrfobjcore.lib 검색 중:
      C:\MAK\vrforces5.2k\lib64\vrfobjparam.lib 검색 중:
      C:\MAK\vrforces5.2k\lib64\vrftasks.lib 검색 중:
      C:\MAK\vrforces5.2k\lib64\vrfutil.lib 검색 중:
      C:\MAK\vrforces5.2k\lib64\vrvImgui.lib 검색 중:
      C:\MAK\vrengage2.2c\lib64\vreVrfobjcore.lib 검색 중:
      C:\MAK\vrengage2.2c\lib64\vreVrfobjparam.lib 검색 중:
      C:\MAK\vrengage2.2c\lib64\vreVrfMessages.lib 검색 중:
      C:\MAK\vrengage2.2c\lib64\vreMessages.lib 검색 중:
      C:\MAK\vrengage2.2c\lib64\vreMessageManager.lib 검색 중:
      C:\MAK\vrengage2.2c\lib64\vreUtil.lib 검색 중:
      C:\Program Files (x86)\Windows Kits\10\lib\10.0.26100.0\um\x64\kernel32.lib 검색 중:
      C:\Program Files (x86)\Windows Kits\10\lib\10.0.26100.0\um\x64\user32.lib 검색 중:
      C:\Program Files (x86)\Windows Kits\10\lib\10.0.26100.0\um\x64\gdi32.lib 검색 중:
      C:\Program Files (x86)\Windows Kits\10\lib\10.0.26100.0\um\x64\winspool.lib 검색 중:
      C:\Program Files (x86)\Windows Kits\10\lib\10.0.26100.0\um\x64\shell32.lib 검색 중:
      C:\Program Files (x86)\Windows Kits\10\lib\10.0.26100.0\um\x64\ole32.lib 검색 중:
      C:\Program Files (x86)\Windows Kits\10\lib\10.0.26100.0\um\x64\oleaut32.lib 검색 중:
      C:\Program Files (x86)\Windows Kits\10\lib\10.0.26100.0\um\x64\uuid.lib 검색 중:
      C:\Program Files (x86)\Windows Kits\10\lib\10.0.26100.0\um\x64\comdlg32.lib 검색 중:
      C:\Program Files (x86)\Windows Kits\10\lib\10.0.26100.0\um\x64\advapi32.lib 검색 중:
      C:\MAK\vrforces5.2k\lib64\vrvutil.lib 검색 중:
      C:\MAK\vrengage2.2c\lib64\NesslabCommon.lib 검색 중:
      C:\Program Files\Microsoft Visual Studio\2022\Community\VC\Tools\MSVC\14.42.34433\lib\x64\msvcprt.lib 검색 중:
      C:\MAK\vrforces5.2k\lib64\libboost_serialization-vc141-mt-x64-1_84.lib 검색 중:
      C:\MAK\vrforces5.2k\lib64\tbb12.lib 검색 중:
      C:\Program Files\Microsoft Visual Studio\2022\Community\VC\Tools\MSVC\14.42.34433\lib\x64\MSVCRT.lib 검색 중:
      C:\Program Files\Microsoft Visual Studio\2022\Community\VC\Tools\MSVC\14.42.34433\lib\x64\OLDNAMES.lib 검색 중:
      C:\Program Files (x86)\Windows Kits\10\lib\10.0.26100.0\um\x64\iphlpapi.lib 검색 중:
      C:\Program Files\Microsoft Visual Studio\2022\Community\VC\Tools\MSVC\14.42.34433\lib\x64\vcruntime.lib 검색 중:
      C:\Program Files (x86)\Windows Kits\10\lib\10.0.26100.0\ucrt\x64\ucrt.lib 검색 중:
  
  라이브러리가 검색되었습니다.
  
  라이브러리를 검색하고 있습니다.
      C:\MAK\vrforces5.2k\lib64\readerWriter.lib 검색 중:
      C:\MAK\vrengage2.2c\lib64\TracyClient.lib 검색 중:
      C:\Program Files (x86)\Windows Kits\10\lib\10.0.26100.0\um\x64\ntdll.lib 검색 중:
      C:\Program Files (x86)\Windows Kits\10\lib\10.0.26100.0\um\x64\ws2_32.lib 검색 중:
      C:\MAK\vrforces5.2k\lib64\features.lib 검색 중:
      C:\MAK\vrforces5.2k\lib64\gdb.lib 검색 중:
      C:\MAK\vrforces5.2k\lib64\geometry.lib 검색 중:
      C:\MAK\vrforces5.2k\lib64\luabind.lib 검색 중:
      C:\MAK\vrforces5.2k\lib64\makSettingsManager.lib 검색 중:
      C:\MAK\vrforces5.2k\lib64\matrix.lib 검색 중:
      C:\MAK\vrlink5.10\lib64\mtl.lib 검색 중:
      C:\MAK\vrforces5.2k\lib64\tdbutil.lib 검색 중:
      C:\MAK\vrforces5.2k\lib64\terrainCS.lib 검색 중:
      C:\MAK\vrforces5.2k\lib64\terrainInterface.lib 검색 중:
      C:\MAK\vrlink5.10\lib64\vl.lib 검색 중:
      C:\MAK\vrforces5.2k\lib64\vlutil.lib 검색 중:
      C:\MAK\vrforces5.2k\lib64\vrfExtProtocol.lib 검색 중:
      C:\MAK\vrforces5.2k\lib64\vrfMsgTransport.lib 검색 중:
      C:\MAK\vrforces5.2k\lib64\vrfSimCore.lib 검색 중:
      C:\MAK\vrforces5.2k\lib64\vrfStateData.lib 검색 중:
      C:\MAK\vrengage2.2c\lib64\vreVrfmodel.lib 검색 중:
      C:\MAK\vrforces5.2k\lib64\vrfmodel.lib 검색 중:
      C:\MAK\vrforces5.2k\lib64\vrfmsgs.lib 검색 중:
      C:\MAK\vrforces5.2k\lib64\vrfobjcore.lib 검색 중:
      C:\MAK\vrforces5.2k\lib64\vrfobjparam.lib 검색 중:
      C:\MAK\vrforces5.2k\lib64\vrftasks.lib 검색 중:
      C:\MAK\vrforces5.2k\lib64\vrfutil.lib 검색 중:
      C:\MAK\vrforces5.2k\lib64\vrvImgui.lib 검색 중:
      C:\MAK\vrengage2.2c\lib64\vreVrfobjcore.lib 검색 중:
      C:\MAK\vrengage2.2c\lib64\vreVrfobjparam.lib 검색 중:
      C:\MAK\vrengage2.2c\lib64\vreVrfMessages.lib 검색 중:
      C:\MAK\vrengage2.2c\lib64\vreMessages.lib 검색 중:
      C:\MAK\vrengage2.2c\lib64\vreMessageManager.lib 검색 중:
      C:\MAK\vrengage2.2c\lib64\vreUtil.lib 검색 중:
      C:\Program Files (x86)\Windows Kits\10\lib\10.0.26100.0\um\x64\kernel32.lib 검색 중:
      C:\Program Files (x86)\Windows Kits\10\lib\10.0.26100.0\um\x64\user32.lib 검색 중:
      C:\Program Files (x86)\Windows Kits\10\lib\10.0.26100.0\um\x64\gdi32.lib 검색 중:
      C:\Program Files (x86)\Windows Kits\10\lib\10.0.26100.0\um\x64\winspool.lib 검색 중:
      C:\Program Files (x86)\Windows Kits\10\lib\10.0.26100.0\um\x64\shell32.lib 검색 중:
      C:\Program Files (x86)\Windows Kits\10\lib\10.0.26100.0\um\x64\ole32.lib 검색 중:
      C:\Program Files (x86)\Windows Kits\10\lib\10.0.26100.0\um\x64\oleaut32.lib 검색 중:
      C:\Program Files (x86)\Windows Kits\10\lib\10.0.26100.0\um\x64\uuid.lib 검색 중:
      C:\Program Files (x86)\Windows Kits\10\lib\10.0.26100.0\um\x64\comdlg32.lib 검색 중:
      C:\Program Files (x86)\Windows Kits\10\lib\10.0.26100.0\um\x64\advapi32.lib 검색 중:
      C:\MAK\vrforces5.2k\lib64\vrvutil.lib 검색 중:
      C:\MAK\vrengage2.2c\lib64\NesslabCommon.lib 검색 중:
      C:\Program Files\Microsoft Visual Studio\2022\Community\VC\Tools\MSVC\14.42.34433\lib\x64\msvcprt.lib 검색 중:
      C:\MAK\vrforces5.2k\lib64\libboost_serialization-vc141-mt-x64-1_84.lib 검색 중:
      C:\MAK\vrforces5.2k\lib64\tbb12.lib 검색 중:
      C:\Program Files\Microsoft Visual Studio\2022\Community\VC\Tools\MSVC\14.42.34433\lib\x64\MSVCRT.lib 검색 중:
      C:\Program Files\Microsoft Visual Studio\2022\Community\VC\Tools\MSVC\14.42.34433\lib\x64\OLDNAMES.lib 검색 중:
      C:\Program Files (x86)\Windows Kits\10\lib\10.0.26100.0\um\x64\iphlpapi.lib 검색 중:
      C:\Program Files\Microsoft Visual Studio\2022\Community\VC\Tools\MSVC\14.42.34433\lib\x64\vcruntime.lib 검색 중:
      C:\Program Files (x86)\Windows Kits\10\lib\10.0.26100.0\ucrt\x64\ucrt.lib 검색 중:
  
  라이브러리가 검색되었습니다.
  
  라이브러리를 검색하고 있습니다.
      C:\MAK\vrforces5.2k\lib64\readerWriter.lib 검색 중:
      C:\MAK\vrengage2.2c\lib64\TracyClient.lib 검색 중:
      C:\Program Files (x86)\Windows Kits\10\lib\10.0.26100.0\um\x64\ntdll.lib 검색 중:
      C:\Program Files (x86)\Windows Kits\10\lib\10.0.26100.0\um\x64\ws2_32.lib 검색 중:
      C:\MAK\vrforces5.2k\lib64\features.lib 검색 중:
      C:\MAK\vrforces5.2k\lib64\gdb.lib 검색 중:
      C:\MAK\vrforces5.2k\lib64\geometry.lib 검색 중:
      C:\MAK\vrforces5.2k\lib64\luabind.lib 검색 중:
      C:\MAK\vrforces5.2k\lib64\makSettingsManager.lib 검색 중:
      C:\MAK\vrforces5.2k\lib64\matrix.lib 검색 중:
      C:\MAK\vrlink5.10\lib64\mtl.lib 검색 중:
      C:\MAK\vrforces5.2k\lib64\tdbutil.lib 검색 중:
      C:\MAK\vrforces5.2k\lib64\terrainCS.lib 검색 중:
      C:\MAK\vrforces5.2k\lib64\terrainInterface.lib 검색 중:
      C:\MAK\vrlink5.10\lib64\vl.lib 검색 중:
      C:\MAK\vrforces5.2k\lib64\vlutil.lib 검색 중:
      C:\MAK\vrforces5.2k\lib64\vrfExtProtocol.lib 검색 중:
      C:\MAK\vrforces5.2k\lib64\vrfMsgTransport.lib 검색 중:
      C:\MAK\vrforces5.2k\lib64\vrfSimCore.lib 검색 중:
      C:\MAK\vrforces5.2k\lib64\vrfStateData.lib 검색 중:
      C:\MAK\vrengage2.2c\lib64\vreVrfmodel.lib 검색 중:
      C:\MAK\vrforces5.2k\lib64\vrfmodel.lib 검색 중:
      C:\MAK\vrforces5.2k\lib64\vrfmsgs.lib 검색 중:
      C:\MAK\vrforces5.2k\lib64\vrfobjcore.lib 검색 중:
      C:\MAK\vrforces5.2k\lib64\vrfobjparam.lib 검색 중:
      C:\MAK\vrforces5.2k\lib64\vrftasks.lib 검색 중:
      C:\MAK\vrforces5.2k\lib64\vrfutil.lib 검색 중:
      C:\MAK\vrforces5.2k\lib64\vrvImgui.lib 검색 중:
      C:\MAK\vrengage2.2c\lib64\vreVrfobjcore.lib 검색 중:
      C:\MAK\vrengage2.2c\lib64\vreVrfobjparam.lib 검색 중:
      C:\MAK\vrengage2.2c\lib64\vreVrfMessages.lib 검색 중:
      C:\MAK\vrengage2.2c\lib64\vreMessages.lib 검색 중:
      C:\MAK\vrengage2.2c\lib64\vreMessageManager.lib 검색 중:
      C:\MAK\vrengage2.2c\lib64\vreUtil.lib 검색 중:
      C:\Program Files (x86)\Windows Kits\10\lib\10.0.26100.0\um\x64\kernel32.lib 검색 중:
      C:\Program Files (x86)\Windows Kits\10\lib\10.0.26100.0\um\x64\user32.lib 검색 중:
      C:\Program Files (x86)\Windows Kits\10\lib\10.0.26100.0\um\x64\gdi32.lib 검색 중:
      C:\Program Files (x86)\Windows Kits\10\lib\10.0.26100.0\um\x64\winspool.lib 검색 중:
      C:\Program Files (x86)\Windows Kits\10\lib\10.0.26100.0\um\x64\shell32.lib 검색 중:
      C:\Program Files (x86)\Windows Kits\10\lib\10.0.26100.0\um\x64\ole32.lib 검색 중:
      C:\Program Files (x86)\Windows Kits\10\lib\10.0.26100.0\um\x64\oleaut32.lib 검색 중:
      C:\Program Files (x86)\Windows Kits\10\lib\10.0.26100.0\um\x64\uuid.lib 검색 중:
      C:\Program Files (x86)\Windows Kits\10\lib\10.0.26100.0\um\x64\comdlg32.lib 검색 중:
      C:\Program Files (x86)\Windows Kits\10\lib\10.0.26100.0\um\x64\advapi32.lib 검색 중:
      C:\MAK\vrforces5.2k\lib64\vrvutil.lib 검색 중:
      C:\MAK\vrengage2.2c\lib64\NesslabCommon.lib 검색 중:
      C:\Program Files\Microsoft Visual Studio\2022\Community\VC\Tools\MSVC\14.42.34433\lib\x64\msvcprt.lib 검색 중:
      C:\MAK\vrforces5.2k\lib64\libboost_serialization-vc141-mt-x64-1_84.lib 검색 중:
      C:\MAK\vrforces5.2k\lib64\tbb12.lib 검색 중:
      C:\Program Files\Microsoft Visual Studio\2022\Community\VC\Tools\MSVC\14.42.34433\lib\x64\MSVCRT.lib 검색 중:
      C:\Program Files\Microsoft Visual Studio\2022\Community\VC\Tools\MSVC\14.42.34433\lib\x64\OLDNAMES.lib 검색 중:
      C:\Program Files (x86)\Windows Kits\10\lib\10.0.26100.0\um\x64\iphlpapi.lib 검색 중:
      C:\Program Files\Microsoft Visual Studio\2022\Community\VC\Tools\MSVC\14.42.34433\lib\x64\vcruntime.lib 검색 중:
      C:\Program Files (x86)\Windows Kits\10\lib\10.0.26100.0\ucrt\x64\ucrt.lib 검색 중:
  
  라이브러리가 검색되었습니다.
  
  라이브러리를 검색하고 있습니다.
      C:\MAK\vrforces5.2k\lib64\readerWriter.lib 검색 중:
      C:\MAK\vrengage2.2c\lib64\TracyClient.lib 검색 중:
      C:\Program Files (x86)\Windows Kits\10\lib\10.0.26100.0\um\x64\ntdll.lib 검색 중:
      C:\Program Files (x86)\Windows Kits\10\lib\10.0.26100.0\um\x64\ws2_32.lib 검색 중:
      C:\MAK\vrforces5.2k\lib64\features.lib 검색 중:
      C:\MAK\vrforces5.2k\lib64\gdb.lib 검색 중:
      C:\MAK\vrforces5.2k\lib64\geometry.lib 검색 중:
      C:\MAK\vrforces5.2k\lib64\luabind.lib 검색 중:
      C:\MAK\vrforces5.2k\lib64\makSettingsManager.lib 검색 중:
      C:\MAK\vrforces5.2k\lib64\matrix.lib 검색 중:
      C:\MAK\vrlink5.10\lib64\mtl.lib 검색 중:
      C:\MAK\vrforces5.2k\lib64\tdbutil.lib 검색 중:
      C:\MAK\vrforces5.2k\lib64\terrainCS.lib 검색 중:
      C:\MAK\vrforces5.2k\lib64\terrainInterface.lib 검색 중:
      C:\MAK\vrlink5.10\lib64\vl.lib 검색 중:
      C:\MAK\vrforces5.2k\lib64\vlutil.lib 검색 중:
      C:\MAK\vrforces5.2k\lib64\vrfExtProtocol.lib 검색 중:
      C:\MAK\vrforces5.2k\lib64\vrfMsgTransport.lib 검색 중:
      C:\MAK\vrforces5.2k\lib64\vrfSimCore.lib 검색 중:
      C:\MAK\vrforces5.2k\lib64\vrfStateData.lib 검색 중:
      C:\MAK\vrengage2.2c\lib64\vreVrfmodel.lib 검색 중:
      C:\MAK\vrforces5.2k\lib64\vrfmodel.lib 검색 중:
      C:\MAK\vrforces5.2k\lib64\vrfmsgs.lib 검색 중:
      C:\MAK\vrforces5.2k\lib64\vrfobjcore.lib 검색 중:
      C:\MAK\vrforces5.2k\lib64\vrfobjparam.lib 검색 중:
      C:\MAK\vrforces5.2k\lib64\vrftasks.lib 검색 중:
      C:\MAK\vrforces5.2k\lib64\vrfutil.lib 검색 중:
      C:\MAK\vrforces5.2k\lib64\vrvImgui.lib 검색 중:
      C:\MAK\vrengage2.2c\lib64\vreVrfobjcore.lib 검색 중:
      C:\MAK\vrengage2.2c\lib64\vreVrfobjparam.lib 검색 중:
      C:\MAK\vrengage2.2c\lib64\vreVrfMessages.lib 검색 중:
      C:\MAK\vrengage2.2c\lib64\vreMessages.lib 검색 중:
      C:\MAK\vrengage2.2c\lib64\vreMessageManager.lib 검색 중:
      C:\MAK\vrengage2.2c\lib64\vreUtil.lib 검색 중:
      C:\Program Files (x86)\Windows Kits\10\lib\10.0.26100.0\um\x64\kernel32.lib 검색 중:
      C:\Program Files (x86)\Windows Kits\10\lib\10.0.26100.0\um\x64\user32.lib 검색 중:
      C:\Program Files (x86)\Windows Kits\10\lib\10.0.26100.0\um\x64\gdi32.lib 검색 중:
      C:\Program Files (x86)\Windows Kits\10\lib\10.0.26100.0\um\x64\winspool.lib 검색 중:
      C:\Program Files (x86)\Windows Kits\10\lib\10.0.26100.0\um\x64\shell32.lib 검색 중:
      C:\Program Files (x86)\Windows Kits\10\lib\10.0.26100.0\um\x64\ole32.lib 검색 중:
      C:\Program Files (x86)\Windows Kits\10\lib\10.0.26100.0\um\x64\oleaut32.lib 검색 중:
      C:\Program Files (x86)\Windows Kits\10\lib\10.0.26100.0\um\x64\uuid.lib 검색 중:
      C:\Program Files (x86)\Windows Kits\10\lib\10.0.26100.0\um\x64\comdlg32.lib 검색 중:
      C:\Program Files (x86)\Windows Kits\10\lib\10.0.26100.0\um\x64\advapi32.lib 검색 중:
      C:\MAK\vrforces5.2k\lib64\vrvutil.lib 검색 중:
      C:\MAK\vrengage2.2c\lib64\NesslabCommon.lib 검색 중:
      C:\Program Files\Microsoft Visual Studio\2022\Community\VC\Tools\MSVC\14.42.34433\lib\x64\msvcprt.lib 검색 중:
      C:\MAK\vrforces5.2k\lib64\libboost_serialization-vc141-mt-x64-1_84.lib 검색 중:
      C:\MAK\vrforces5.2k\lib64\tbb12.lib 검색 중:
      C:\Program Files\Microsoft Visual Studio\2022\Community\VC\Tools\MSVC\14.42.34433\lib\x64\MSVCRT.lib 검색 중:
      C:\Program Files\Microsoft Visual Studio\2022\Community\VC\Tools\MSVC\14.42.34433\lib\x64\OLDNAMES.lib 검색 중:
      C:\Program Files (x86)\Windows Kits\10\lib\10.0.26100.0\um\x64\iphlpapi.lib 검색 중:
      C:\Program Files\Microsoft Visual Studio\2022\Community\VC\Tools\MSVC\14.42.34433\lib\x64\vcruntime.lib 검색 중:
  
  라이브러리가 검색되었습니다.
  nesslabTerrainSurfacePlugins.vcxproj -> C:\MAK\src\vre\NesslabVrePlugins\plugins64\vrForces\release\nesslabTerrainSurface.dll
  C:\MAK\src\vre\NesslabVrePlugins\plugins64\vrForces\release\nesslabTerrainSurface.dll
  1개 파일이 복사되었습니다.
