C:\Program Files (x86)\Microsoft Visual Studio\2019\Community\MSBuild\Microsoft\VC\v160\Microsoft.CppBuild.targets(513,5): warning MSB8028: 중간 디렉터리(nesslabHandposePluginDIS.dir/RelWithDebInfo/)에 다른 프로젝트(exampleHumanArtPartActuator.vcxproj, nesslabHandposePlugin.vcxproj)에서 공유하는 파일이 포함되어 있습니다.  이로 인해 잘못된 정리 및 다시 빌드 동작이 수행될 수 있습니다.
  HandposePlugin.cxx
  Unknown compiler version - please run the configure tests and report the results
C:\MAK\vrengage2.1.1b\include\Nesslab/nesslabCommon.h(1,1): warning C4819: 현재 코드 페이지(949)에서 표시할 수 없는 문자가 파일에 들어 있습니다. 데이터가 손실되지 않게 하려면 해당 파일을 유니코드 형식으로 저장하십시오.
C:\MAK\vrforces5.1.1b\include\vrftasks/simTaskState.h(1,1): warning C4819: 현재 코드 페이지(949)에서 표시할 수 없는 문자가 파일에 들어 있습니다. 데이터가 손실되지 않게 하려면 해당 파일을 유니코드 형식으로 저장하십시오.
C:\MAK\vrforces5.1.1b\include\vrftasks/simTask.h(1,1): warning C4819: 현재 코드 페이지(949)에서 표시할 수 없는 문자가 파일에 들어 있습니다. 데이터가 손실되지 않게 하려면 해당 파일을 유니코드 형식으로 저장하십시오.
HandposePlugin.cxx(509,9): warning C4067: 전처리기 지시문 다음에 예기치 않은 토큰이 있습니다. 줄 바꿈 문자가 필요합니다.
  TCPServer.cpp
TCPServer.cpp(229,18): warning C4806: '==': 안전하지 않은 연산입니다. 'bool' 형식의 값('int' 형식으로 확장)이 주어진 상수와 같을 수 없습니다.
  plugin.cxx
  Unknown compiler version - please run the configure tests and report the results
C:\MAK\vrengage2.1.1b\include\Nesslab/nesslabCommon.h(1,1): warning C4819: 현재 코드 페이지(949)에서 표시할 수 없는 문자가 파일에 들어 있습니다. 데이터가 손실되지 않게 하려면 해당 파일을 유니코드 형식으로 저장하십시오.
  코드를 생성하고 있습니다...
C:\MAK\vrengage2.1.1b\examples\nesslabHandposePlugin\TCPServer.cpp(206): warning C4715: 'TCPServer::SendData': 모든 제어 경로에서 값을 반환하지는 않습니다.
C:\MAK\vrengage2.1.1b\examples\nesslabHandposePlugin\TCPServer.cpp(214): warning C4715: 'TCPServer::SendData': 모든 제어 경로에서 값을 반환하지는 않습니다.
  NesslabCommon.lib(nesslabCommon.obj) : /GL로 컴파일한 MSIL .netmodule 또는 모듈이 있습니다. /LTCG를 지정하여 링크를 다시 시작하십시오. /LTCG를 링크 명령줄에 추가하면 링커 성능이 향상됩니다.
LINK : warning LNK4075: '/INCREMENTAL'이(가) '/LTCG' 사양으로 인해 무시됩니다.
     ../../examples/nesslabHandposePlugin/build64/RelWithDebInfo/nesslabHandposePlugin.lib 라이브러리 및 ../../examples/nesslabHandposePlugin/build64/RelWithDebInfo/nesslabHandposePlugin.exp 개체를 생성하고 있습니다.
  코드를 생성하고 있습니다.
  코드를 생성했습니다.
NesslabCommon.lib(nesslabCommon.obj) : warning LNK4099: 'NesslabCommon.pdb' PDB를 'NesslabCommon.lib(nesslabCommon.obj)' 또는 'C:\MAK\vrengage2.1.1b\bin64\RelWithDebInfo\NesslabCommon.pdb'에서 찾을 수 없습니다. 디버그 정보가 없는 것처럼 개체를 링크합니다.
NesslabCommon.lib(nesslabTcpServer.obj) : warning LNK4099: 'NesslabCommon.pdb' PDB를 'NesslabCommon.lib(nesslabTcpServer.obj)' 또는 'C:\MAK\vrengage2.1.1b\bin64\RelWithDebInfo\NesslabCommon.pdb'에서 찾을 수 없습니다. 디버그 정보가 없는 것처럼 개체를 링크합니다.
  nesslabHandposePlugin.vcxproj -> C:\MAK\vrengage2.1.1b\plugins64\vrForces\release\release\nesslabHandposePluginDIS.dll
  xcopy "C:\MAK\vrengage2.1.1b\plugins64\vrForces\release\release\nesslabHandposePluginDIS.dll" ..\..\plugins64\vrForces\release /y /q
  1개 파일이 복사되었습니다.
