  AutoReloadBlocker.cpp
C:\Program Files\Microsoft Visual Studio\2022\Community\VC\Tools\MSVC\14.43.34808\include\compare(12): warning STL4038: The contents of <compare> are available only with C++20 or later.
C:\MAK\src\vre\NesslabVrePlugins\nesslabWeaponControlPlugins\AutoReloadBlocker.cpp(56,23): error C2039: 'munitionName': 'DtSimMunition'의 멤버가 아닙니다.
      C:\MAK\vrforces5.2d\include\vrfutil\simMunition.h(31,22):
      'DtSimMunition' 선언을 참조하십시오.
  
  GrenadeCollisionActuator.cpp
C:\Program Files\Microsoft Visual Studio\2022\Community\VC\Tools\MSVC\14.43.34808\include\compare(12): warning STL4038: The contents of <compare> are available only with C++20 or later.
  MyHumanGunJoyActuator.cpp
C:\Program Files\Microsoft Visual Studio\2022\Community\VC\Tools\MSVC\14.43.34808\include\compare(12): warning STL4038: The contents of <compare> are available only with C++20 or later.
C:\MAK\vrforces5.2d\include\vrftasks\simTaskState.h(1,1): warning C4819: 현재 코드 페이지(949)에서 표시할 수 없는 문자가 파일에 들어 있습니다. 데이터가 손실되지 않게 하려면 해당 파일을 유니코드 형식으로 저장하십시오.
  (소스 파일 '../nesslabWeaponControlPlugins/MyHumanGunJoyActuator.cpp'을(를) 컴파일하는 중)
  
C:\MAK\vrforces5.2d\include\vrftasks\simTask.h(1,1): warning C4819: 현재 코드 페이지(949)에서 표시할 수 없는 문자가 파일에 들어 있습니다. 데이터가 손실되지 않게 하려면 해당 파일을 유니코드 형식으로 저장하십시오.
  (소스 파일 '../nesslabWeaponControlPlugins/MyHumanGunJoyActuator.cpp'을(를) 컴파일하는 중)
  
C:\MAK\vrforces5.2d\include\vrfmodel\ballisticGun.h(1,1): warning C4819: 현재 코드 페이지(949)에서 표시할 수 없는 문자가 파일에 들어 있습니다. 데이터가 손실되지 않게 하려면 해당 파일을 유니코드 형식으로 저장하십시오.
  (소스 파일 '../nesslabWeaponControlPlugins/MyHumanGunJoyActuator.cpp'을(를) 컴파일하는 중)
  
C:\MAK\src\vre\NesslabVrePlugins\nesslabWeaponControlPlugins\MyHumanGunJoyActuator.cpp(7,10): error C1083: 포함 파일을 열 수 없습니다. 'vrfutil/munitionResource.h': No such file or directory
  MyVreVrfTurretedBalGunPSR.cpp
C:\Program Files\Microsoft Visual Studio\2022\Community\VC\Tools\MSVC\14.43.34808\include\compare(12): warning STL4038: The contents of <compare> are available only with C++20 or later.
  plugin.cxx
C:\Program Files\Microsoft Visual Studio\2022\Community\VC\Tools\MSVC\14.43.34808\include\compare(12): warning STL4038: The contents of <compare> are available only with C++20 or later.
C:\MAK\vrforces5.2d\include\vrftasks\simTaskState.h(1,1): warning C4819: 현재 코드 페이지(949)에서 표시할 수 없는 문자가 파일에 들어 있습니다. 데이터가 손실되지 않게 하려면 해당 파일을 유니코드 형식으로 저장하십시오.
  (소스 파일 '../nesslabWeaponControlPlugins/plugin.cxx'을(를) 컴파일하는 중)
  
C:\MAK\vrforces5.2d\include\vrftasks\simTask.h(1,1): warning C4819: 현재 코드 페이지(949)에서 표시할 수 없는 문자가 파일에 들어 있습니다. 데이터가 손실되지 않게 하려면 해당 파일을 유니코드 형식으로 저장하십시오.
  (소스 파일 '../nesslabWeaponControlPlugins/plugin.cxx'을(를) 컴파일하는 중)
  
C:\MAK\vrforces5.2d\include\vrfmodel\ballisticGun.h(1,1): warning C4819: 현재 코드 페이지(949)에서 표시할 수 없는 문자가 파일에 들어 있습니다. 데이터가 손실되지 않게 하려면 해당 파일을 유니코드 형식으로 저장하십시오.
  (소스 파일 '../nesslabWeaponControlPlugins/plugin.cxx'을(를) 컴파일하는 중)
  
  코드를 생성하고 있습니다...
