  rtiFedAmb1516e.cpp
C:\Program Files\Microsoft Visual Studio\2022\Community\VC\Tools\MSVC\14.43.34808\include\compare(12): warning STL4038: The contents of <compare> are available only with C++20 or later.
C:\MAK\vrengage2.2\include\Nesslab\nesslabCommon.h(1,1): warning C4819: 현재 코드 페이지(949)에서 표시할 수 없는 문자가 파일에 들어 있습니다. 데이터가 손실되지 않게 하려면 해당 파일을 유니코드 형식으로 저장하십시오.
  (소스 파일 'rtiFedAmb1516e.cpp'을(를) 컴파일하는 중)
  
  rtiNetworkPlugin.cxx
C:\Program Files\Microsoft Visual Studio\2022\Community\VC\Tools\MSVC\14.43.34808\include\compare(12): warning STL4038: The contents of <compare> are available only with C++20 or later.
C:\MAK\vrengage2.2\include\Nesslab\nesslabCommon.h(1,1): warning C4819: 현재 코드 페이지(949)에서 표시할 수 없는 문자가 파일에 들어 있습니다. 데이터가 손실되지 않게 하려면 해당 파일을 유니코드 형식으로 저장하십시오.
  (소스 파일 'rtiNetworkPlugin.cxx'을(를) 컴파일하는 중)
  
C:\MAK\vrforces5.2d\include\vrftasks\simTaskState.h(1,1): warning C4819: 현재 코드 페이지(949)에서 표시할 수 없는 문자가 파일에 들어 있습니다. 데이터가 손실되지 않게 하려면 해당 파일을 유니코드 형식으로 저장하십시오.
  (소스 파일 'rtiNetworkPlugin.cxx'을(를) 컴파일하는 중)
  
C:\MAK\vrforces5.2d\include\vrftasks\simTask.h(1,1): warning C4819: 현재 코드 페이지(949)에서 표시할 수 없는 문자가 파일에 들어 있습니다. 데이터가 손실되지 않게 하려면 해당 파일을 유니코드 형식으로 저장하십시오.
  (소스 파일 'rtiNetworkPlugin.cxx'을(를) 컴파일하는 중)
  
  plugin.cxx
C:\Program Files\Microsoft Visual Studio\2022\Community\VC\Tools\MSVC\14.43.34808\include\compare(12): warning STL4038: The contents of <compare> are available only with C++20 or later.
C:\MAK\vrengage2.2\include\Nesslab\nesslabCommon.h(1,1): warning C4819: 현재 코드 페이지(949)에서 표시할 수 없는 문자가 파일에 들어 있습니다. 데이터가 손실되지 않게 하려면 해당 파일을 유니코드 형식으로 저장하십시오.
  (소스 파일 'plugin.cxx'을(를) 컴파일하는 중)
  
  코드를 생성하고 있습니다...
LINK : warning LNK4044: '/-vl.lib' 옵션을 인식할 수 없습니다. 무시됩니다.
LINK : warning LNK4044: '/-libdiguy_x64_vc15_1371d.lib' 옵션을 인식할 수 없습니다. 무시됩니다.
     ../../examples/nesslabHandposePlugin/build64/RelWithDebInfo/nesslabHandposePlugin.lib 라이브러리 및 ../../examples/nesslabHandposePlugin/build64/RelWithDebInfo/nesslabHandposePlugin.exp 개체를 생성하고 있습니다.
  nesslabRTINetwork.vcxproj -> C:\MAK\vrengage2.2\plugins64\vrForces\release\release\nesslabRTINetwork.dll
  1개 파일이 복사되었습니다.
