c:\mak\vrengage2.2c\nesslabvreplugins\nesslabdevicestateplugin\nesslabdevicestateplugin.dir\relwithdebinfo\vc143.pdb
c:\mak\vrengage2.2c\nesslabvreplugins\nesslabdevicestateplugin\nesslabdevicestateplugin.dir\relwithdebinfo\devicestateplugin.obj
c:\mak\vrengage2.2c\nesslabvreplugins\nesslabdevicestateplugin\nesslabdevicestateplugin.dir\relwithdebinfo\plugin.obj
c:\mak\vrengage2.2c\nesslabvreplugins\nesslabdevicestateplugin\nesslabdevicestateplugin.dir\relwithdebinfo\extdevicestateencoder.obj
c:\mak\vrengage2.2c\nesslabvreplugins\nesslabdevicestateplugin\nesslabdevicestateplugin.dir\relwithdebinfo\extdevicestatedecoder.obj
c:\mak\vrengage2.2c\nesslabvreplugins\nesslabdevicestateplugin\nesslabdevicestateplugin.dir\relwithdebinfo\extdevicestate.obj
c:\mak\vrengage2.2c\nesslabvreplugins\nesslabdevicestateplugin\nesslabdevicestateplugin.dir\relwithdebinfo\devicestatefom.obj
c:\mak\vrengage2.2c\nesslabvreplugins\nesslabdevicestateplugin\nesslabdevicestateplugin.dir\relwithdebinfo\devaccessory.obj
c:\mak\vrengage2.2c\nesslabvreplugins\plugins\release\nesslabdevicestateplugin.dll
c:\mak\vrengage2.2c\nesslabvreplugins\bin64\relwithdebinfo\nesslabdevicestateplugin.pdb
c:\mak\vrengage2.2c\nesslabvreplugins\nesslabdevicestateplugin\nesslabdevicestatepluginfrontendbuild64\relwithdebinfo\examplenotify.lib
c:\mak\vrengage2.2c\nesslabvreplugins\nesslabdevicestateplugin\nesslabdevicestatepluginfrontendbuild64\relwithdebinfo\examplenotify.exp
c:\mak\vrengage2.2c\nesslabvreplugins\nesslabdevicestateplugin\nesslabdevicestateplugin.dir\relwithdebinfo\nesslabd.ad3b0cb1.tlog\cl.command.1.tlog
c:\mak\vrengage2.2c\nesslabvreplugins\nesslabdevicestateplugin\nesslabdevicestateplugin.dir\relwithdebinfo\nesslabd.ad3b0cb1.tlog\cl.items.tlog
c:\mak\vrengage2.2c\nesslabvreplugins\nesslabdevicestateplugin\nesslabdevicestateplugin.dir\relwithdebinfo\nesslabd.ad3b0cb1.tlog\cl.read.1.tlog
c:\mak\vrengage2.2c\nesslabvreplugins\nesslabdevicestateplugin\nesslabdevicestateplugin.dir\relwithdebinfo\nesslabd.ad3b0cb1.tlog\cl.write.1.tlog
c:\mak\vrengage2.2c\nesslabvreplugins\nesslabdevicestateplugin\nesslabdevicestateplugin.dir\relwithdebinfo\nesslabd.ad3b0cb1.tlog\link.command.1.tlog
c:\mak\vrengage2.2c\nesslabvreplugins\nesslabdevicestateplugin\nesslabdevicestateplugin.dir\relwithdebinfo\nesslabd.ad3b0cb1.tlog\link.read.1.tlog
c:\mak\vrengage2.2c\nesslabvreplugins\nesslabdevicestateplugin\nesslabdevicestateplugin.dir\relwithdebinfo\nesslabd.ad3b0cb1.tlog\link.secondary.1.tlog
c:\mak\vrengage2.2c\nesslabvreplugins\nesslabdevicestateplugin\nesslabdevicestateplugin.dir\relwithdebinfo\nesslabd.ad3b0cb1.tlog\link.write.1.tlog
